Component: ARM Compiler 5.06 update 7 (build 960) Tool: armlink [4d3601]

==============================================================================

Section Cross References

    startup_stm32h723xx.o(STACK) refers (Special) to heapauxi.o(.text) for __use_two_region_memory
    startup_stm32h723xx.o(HEAP) refers (Special) to heapauxi.o(.text) for __use_two_region_memory
    startup_stm32h723xx.o(RESET) refers (Special) to heapauxi.o(.text) for __use_two_region_memory
    startup_stm32h723xx.o(RESET) refers to startup_stm32h723xx.o(STACK) for __initial_sp
    startup_stm32h723xx.o(RESET) refers to startup_stm32h723xx.o(.text) for Reset_Handler
    startup_stm32h723xx.o(RESET) refers to stm32h7xx_it.o(i.NMI_Handler) for NMI_Handler
    startup_stm32h723xx.o(RESET) refers to stm32h7xx_it.o(i.HardFault_Handler) for HardFault_Handler
    startup_stm32h723xx.o(RESET) refers to stm32h7xx_it.o(i.MemManage_Handler) for MemManage_Handler
    startup_stm32h723xx.o(RESET) refers to stm32h7xx_it.o(i.BusFault_Handler) for BusFault_Handler
    startup_stm32h723xx.o(RESET) refers to stm32h7xx_it.o(i.UsageFault_Handler) for UsageFault_Handler
    startup_stm32h723xx.o(RESET) refers to port.o(.emb_text) for SVC_Handler
    startup_stm32h723xx.o(RESET) refers to stm32h7xx_it.o(i.DebugMon_Handler) for DebugMon_Handler
    startup_stm32h723xx.o(RESET) refers to port.o(i.SysTick_Handler) for SysTick_Handler
    startup_stm32h723xx.o(RESET) refers to stm32h7xx_it.o(i.DMA1_Stream0_IRQHandler) for DMA1_Stream0_IRQHandler
    startup_stm32h723xx.o(RESET) refers to stm32h7xx_it.o(i.DMA1_Stream1_IRQHandler) for DMA1_Stream1_IRQHandler
    startup_stm32h723xx.o(RESET) refers to stm32h7xx_it.o(i.DMA1_Stream2_IRQHandler) for DMA1_Stream2_IRQHandler
    startup_stm32h723xx.o(RESET) refers to stm32h7xx_it.o(i.DMA1_Stream3_IRQHandler) for DMA1_Stream3_IRQHandler
    startup_stm32h723xx.o(RESET) refers to stm32h7xx_it.o(i.FDCAN1_IT0_IRQHandler) for FDCAN1_IT0_IRQHandler
    startup_stm32h723xx.o(RESET) refers to stm32h7xx_it.o(i.FDCAN2_IT0_IRQHandler) for FDCAN2_IT0_IRQHandler
    startup_stm32h723xx.o(RESET) refers to stm32h7xx_it.o(i.TIM1_UP_IRQHandler) for TIM1_UP_IRQHandler
    startup_stm32h723xx.o(RESET) refers to stm32h7xx_it.o(i.SPI2_IRQHandler) for SPI2_IRQHandler
    startup_stm32h723xx.o(RESET) refers to stm32h7xx_it.o(i.TIM8_BRK_TIM12_IRQHandler) for TIM8_BRK_TIM12_IRQHandler
    startup_stm32h723xx.o(RESET) refers to stm32h7xx_it.o(i.UART5_IRQHandler) for UART5_IRQHandler
    startup_stm32h723xx.o(RESET) refers to stm32h7xx_it.o(i.TIM6_DAC_IRQHandler) for TIM6_DAC_IRQHandler
    startup_stm32h723xx.o(RESET) refers to stm32h7xx_it.o(i.UART7_IRQHandler) for UART7_IRQHandler
    startup_stm32h723xx.o(RESET) refers to stm32h7xx_it.o(i.USART10_IRQHandler) for USART10_IRQHandler
    startup_stm32h723xx.o(RESET) refers to stm32h7xx_it.o(i.FDCAN3_IT0_IRQHandler) for FDCAN3_IT0_IRQHandler
    startup_stm32h723xx.o(.text) refers (Special) to heapauxi.o(.text) for __use_two_region_memory
    startup_stm32h723xx.o(.text) refers to system_stm32h7xx.o(i.SystemInit) for SystemInit
    startup_stm32h723xx.o(.text) refers to __main.o(!!!main) for __main
    startup_stm32h723xx.o(.text) refers to startup_stm32h723xx.o(HEAP) for Heap_Mem
    startup_stm32h723xx.o(.text) refers to startup_stm32h723xx.o(STACK) for Stack_Mem
    main.o(i.HAL_TIM_PeriodElapsedCallback) refers to stm32h7xx_hal.o(i.HAL_IncTick) for HAL_IncTick
    main.o(i.HAL_TIM_PeriodElapsedCallback) refers to total_stack.o(i.DM_Send_Task) for DM_Send_Task
    main.o(i.PeriphCommonClock_Config) refers to rt_memclr_w.o(.text) for __aeabi_memclr4
    main.o(i.PeriphCommonClock_Config) refers to stm32h7xx_hal_rcc_ex.o(i.HAL_RCCEx_PeriphCLKConfig) for HAL_RCCEx_PeriphCLKConfig
    main.o(i.SystemClock_Config) refers to rt_memclr_w.o(.text) for __aeabi_memclr4
    main.o(i.SystemClock_Config) refers to stm32h7xx_hal_pwr_ex.o(i.HAL_PWREx_ConfigSupply) for HAL_PWREx_ConfigSupply
    main.o(i.SystemClock_Config) refers to stm32h7xx_hal_rcc.o(i.HAL_RCC_OscConfig) for HAL_RCC_OscConfig
    main.o(i.SystemClock_Config) refers to stm32h7xx_hal_rcc.o(i.HAL_RCC_ClockConfig) for HAL_RCC_ClockConfig
    main.o(i.main) refers to stm32h7xx_hal.o(i.HAL_Init) for HAL_Init
    main.o(i.main) refers to main.o(i.SystemClock_Config) for SystemClock_Config
    main.o(i.main) refers to main.o(i.PeriphCommonClock_Config) for PeriphCommonClock_Config
    main.o(i.main) refers to gpio.o(i.MX_GPIO_Init) for MX_GPIO_Init
    main.o(i.main) refers to dma.o(i.MX_DMA_Init) for MX_DMA_Init
    main.o(i.main) refers to fdcan.o(i.MX_FDCAN2_Init) for MX_FDCAN2_Init
    main.o(i.main) refers to fdcan.o(i.MX_FDCAN3_Init) for MX_FDCAN3_Init
    main.o(i.main) refers to spi.o(i.MX_SPI2_Init) for MX_SPI2_Init
    main.o(i.main) refers to fdcan.o(i.MX_FDCAN1_Init) for MX_FDCAN1_Init
    main.o(i.main) refers to usart.o(i.MX_USART10_UART_Init) for MX_USART10_UART_Init
[...]
    HAL_UART_Init                            0x08006b39   Thumb Code   106  stm32h7xx_hal_uart.o(i.HAL_UART_Init)
    HAL_UART_MspInit                         0x08006ba5   Thumb Code   530  usart.o(i.HAL_UART_MspInit)
    HAL_UART_Receive_IT                      0x08006ddd   Thumb Code    66  stm32h7xx_hal_uart.o(i.HAL_UART_Receive_IT)
    HAL_UART_RxCpltCallback                  0x08006e25   Thumb Code     4  total_stack.o(i.HAL_UART_RxCpltCallback)
    HAL_UART_Transmit_DMA                    0x08006e29   Thumb Code   132  stm32h7xx_hal_uart.o(i.HAL_UART_Transmit_DMA)
    HAL_UART_TxCpltCallback                  0x08006eb9   Thumb Code     2  stm32h7xx_hal_uart.o(i.HAL_UART_TxCpltCallback)
    HAL_UART_TxHalfCpltCallback              0x08006ebb   Thumb Code     2  stm32h7xx_hal_uart.o(i.HAL_UART_TxHalfCpltCallback)
    HardFault_Handler                        0x08006fcd   Thumb Code     2  stm32h7xx_it.o(i.HardFault_Handler)
    INS_Init                                 0x08006fd1   Thumb Code    34  ins_task.o(i.INS_Init)
    INS_Task                                 0x08007005   Thumb Code     6  freertos.o(i.INS_Task)
    INS_task                                 0x0800700d   Thumb Code   488  ins_task.o(i.INS_task)
    Kalman_Filter_Init                       0x08007221   Thumb Code   990  kalman_filter.o(i.Kalman_Filter_Init)
    Kalman_Filter_Measure                    0x08007605   Thumb Code    66  kalman_filter.o(i.Kalman_Filter_Measure)
    Kalman_Filter_P_Update                   0x0800764d   Thumb Code   106  kalman_filter.o(i.Kalman_Filter_P_Update)
    Kalman_Filter_PminusUpdate               0x080076b7   Thumb Code   108  kalman_filter.o(i.Kalman_Filter_PminusUpdate)
    Kalman_Filter_SetK                       0x08007723   Thumb Code   202  kalman_filter.o(i.Kalman_Filter_SetK)
    Kalman_Filter_Update                     0x080077ed   Thumb Code   228  kalman_filter.o(i.Kalman_Filter_Update)
    Kalman_Filter_xhatMinusUpdate            0x080078d5   Thumb Code   116  kalman_filter.o(i.Kalman_Filter_xhatMinusUpdate)
    Kalman_Filter_xhatUpdate                 0x08007949   Thumb Code   132  kalman_filter.o(i.Kalman_Filter_xhatUpdate)
    Kalman_task                              0x080079cd   Thumb Code   290  total_stack.o(i.Kalman_task)
    MX_DMA_Init                              0x08007b09   Thumb Code    88  dma.o(i.MX_DMA_Init)
    MX_FDCAN1_Init                           0x08007b65   Thumb Code    96  fdcan.o(i.MX_FDCAN1_Init)
    MX_FDCAN2_Init                           0x08007bcd   Thumb Code   102  fdcan.o(i.MX_FDCAN2_Init)
    MX_FDCAN3_Init                           0x08007c3d   Thumb Code   106  fdcan.o(i.MX_FDCAN3_Init)
    MX_FREERTOS_Init                         0x08007cb1   Thumb Code   140  freertos.o(i.MX_FREERTOS_Init)
    MX_GPIO_Init                             0x08007d45   Thumb Code   282  gpio.o(i.MX_GPIO_Init)
    MX_SPI2_Init                             0x08007e71   Thumb Code    90  spi.o(i.MX_SPI2_Init)
    MX_TIM12_Init                            0x08007ed5   Thumb Code    96  tim.o(i.MX_TIM12_Init)
    MX_TIM3_Init                             0x08007f3d   Thumb Code   108  tim.o(i.MX_TIM3_Init)
    MX_TIM6_Init                             0x08007fb1   Thumb Code    64  tim.o(i.MX_TIM6_Init)
    MX_UART5_Init                            0x08007ff9   Thumb Code    96  usart.o(i.MX_UART5_Init)
    MX_UART7_Init                            0x08008065   Thumb Code    94  usart.o(i.MX_UART7_Init)
    MX_USART10_UART_Init                     0x080080cd   Thumb Code    94  usart.o(i.MX_USART10_UART_Init)
    MemManage_Handler                        0x08008135   Thumb Code     2  stm32h7xx_it.o(i.MemManage_Handler)
    NMI_Handler                              0x08008137   Thumb Code     2  stm32h7xx_it.o(i.NMI_Handler)
    OBSERVE_Task                             0x08008139   Thumb Code     6  freertos.o(i.OBSERVE_Task)
    PeriphCommonClock_Config                 0x0800813f   Thumb Code    68  main.o(i.PeriphCommonClock_Config)
    RotationMatrix_update                    0x080083c5   Thumb Code   174  mahony_filter.o(i.RotationMatrix_update)
    SPI2_IRQHandler                          0x08008475   Thumb Code     6  stm32h7xx_it.o(i.SPI2_IRQHandler)
    StartDefaultTask                         0x0800859f   Thumb Code     8  freertos.o(i.StartDefaultTask)
    SysTick_Handler                          0x080085a9   Thumb Code    38  port.o(i.SysTick_Handler)
    SystemClock_Config                       0x080085d5   Thumb Code   144  main.o(i.SystemClock_Config)
    SystemInit                               0x08008669   Thumb Code   158  system_stm32h7xx.o(i.SystemInit)
    TIM1_UP_IRQHandler                       0x08008729   Thumb Code     6  stm32h7xx_it.o(i.TIM1_UP_IRQHandler)
    TIM6_DAC_IRQHandler                      0x08008735   Thumb Code     6  stm32h7xx_it.o(i.TIM6_DAC_IRQHandler)
    TIM8_BRK_TIM12_IRQHandler                0x08008741   Thumb Code     6  stm32h7xx_it.o(i.TIM8_BRK_TIM12_IRQHandler)
    TIM_Base_SetConfig                       0x0800874d   Thumb Code   188  stm32h7xx_hal_tim.o(i.TIM_Base_SetConfig)
    TIM_ETR_SetConfig                        0x08008831   Thumb Code    18  stm32h7xx_hal_tim.o(i.TIM_ETR_SetConfig)
    TIM_OC2_SetConfig                        0x080088fd   Thumb Code   126  stm32h7xx_hal_tim.o(i.TIM_OC2_SetConfig)
    Total_tasks_Init                         0x08008bd5   Thumb Code    64  total_stack.o(i.Total_tasks_Init)
    UART5_IRQHandler                         0x08008c1d   Thumb Code     6  stm32h7xx_it.o(i.UART5_IRQHandler)
    UART7_IRQHandler                         0x08008c29   Thumb Code     6  stm32h7xx_it.o(i.UART7_IRQHandler)
    UART_AdvFeatureConfig                    0x08008c79   Thumb Code   200  stm32h7xx_hal_uart.o(i.UART_AdvFeatureConfig)
    UART_CheckIdleState                      0x08008d41   Thumb Code   170  stm32h7xx_hal_uart.o(i.UART_CheckIdleState)
    UART_SetConfig                           0x080093ed   Thumb Code   914  stm32h7xx_hal_uart.o(i.UART_SetConfig)
    UART_Start_Receive_IT                    0x080097c9   Thumb Code   256  stm32h7xx_hal_uart.o(i.UART_Start_Receive_IT)
    UART_WaitOnFlagUntilTimeout              0x080098d9   Thumb Code   148  stm32h7xx_hal_uart.o(i.UART_WaitOnFlagUntilTimeout)
    USART10_IRQHandler                       0x0800996d   Thumb Code     6  stm32h7xx_it.o(i.USART10_IRQHandler)
    UsageFault_Handler                       0x08009979   Thumb Code     2  stm32h7xx_it.o(i.UsageFault_Handler)
    LQR_K_calc(float*, float)                0x0800997b   Thumb Code    46  total_stack.o(i._Z10LQR_K_calcPff)
    ChassisL_Init()                          0x080099a9   Thumb Code    74  total_stack.o(i._Z13ChassisL_Initv)
    ChassisR_Init()                          0x080099fd   Thumb Code    74  total_stack.o(i._Z13ChassisR_Initv)
    RM_FDCan_Init()                          0x08009a51   Thumb Code    58  total_stack.o(i._Z13RM_FDCan_Initv)
    RM_FDCan_Send(FDCAN_HandleTypeDef*, unsigned, unsigned char*) 0x08009a99   Thumb Code    36  total_stack.o(i._Z13RM_FDCan_SendP19FDCAN_HandleTypeDefjPh)
    float_to_uint(float, float, float, int)  0x08009abd   Thumb Code    40  total_stack.o(i._Z13float_to_uintfffi)
    uint_to_float(int, float, float, int)    0x08009ae5   Thumb Code    40  total_stack.o(i._Z13uint_to_floatiffi)
    xvEstimateKF_Init(kf_t*)                 0x08009b0d   Thumb Code    94  total_stack.o(i._Z17xvEstimateKF_InitP4kf_t)
    xvEstimateKF_Update(kf_t*, float, float) 0x08009b75   Thumb Code    54  total_stack.o(i._Z19xvEstimateKF_UpdateP4kf_tff)
    RM_FDCAN_Filter_Init()                   0x08009bb1   Thumb Code    68  total_stack.o(i._Z20RM_FDCAN_Filter_Initv)
    chassisL_control_loop()                  0x08009c01   Thumb Code   298  total_stack.o(i._Z21chassisL_control_loopv)
    chassisR_control_loop()                  0x08009d41   Thumb Code   304  total_stack.o(i._Z21chassisR_control_loopv)
    ChassisL_feedback_update()               0x08009e85   Thumb Code    94  total_stack.o(i._Z24ChassisL_feedback_updatev)
    ChassisR_feedback_update()               0x08009ef5   Thumb Code    78  total_stack.o(i._Z24ChassisR_feedback_updatev)
    Limit(float*, float, float)              0x08009f55   Thumb Code    36  total_stack.o(i._Z5LimitPfff)
    RM_Clicker::Init()                       0x08009f79   Thumb Code    10  total_stack.o(i._ZN10RM_Clicker4InitEv)
    RM_Clicker::ISDir()                      0x08009f8d   Thumb Code   178  total_stack.o(i._ZN10RM_Clicker5ISDirEv)
    RM_Clicker::ParseData()                  0x0800a04d   Thumb Code   152  total_stack.o(i._ZN10RM_Clicker9ParseDataEv)
    TD_quadratic::td_quadratic(float, bool)  0x0800a0e9   Thumb Code   320  total_stack.o(i._ZN12TD_quadratic12td_quadraticEfb)
    TD_quadratic::TD_quadratic(float, float, float, unsigned char) 0x0800a22d   Thumb Code    16  total_stack.o(i._ZN12TD_quadraticC1Efffh)
    TD_quadratic::TD_quadratic__sub_object(float, float, float, unsigned char) 0x0800a22d   Thumb Code     0  total_stack.o(i._ZN12TD_quadraticC1Efffh)
    NonLinear_Fun::Fsg_Fun(float, float)     0x0800a23d   Thumb Code    48  total_stack.o(i._ZN13NonLinear_Fun7Fsg_FunEff)
    NonLinear_Fun::Fhan_Fun(float, float, float, float) 0x0800a26d   Thumb Code   294  total_stack.o(i._ZN13NonLinear_Fun8Fhan_FunEffff)
    NonLinear_Fun::Fign_Fun(float)           0x0800a399   Thumb Code    34  total_stack.o(i._ZN13NonLinear_Fun8Fign_FunEf)
    RM_RefereeSystem::RM_RefereeSystemParse(__UART_HandleTypeDef*) 0x0800a3bd   Thumb Code    44  rm_refereesystem.o(i._ZN16RM_RefereeSystem21RM_RefereeSystemParseEP20__UART_HandleTypeDef)
    RM_RefereeSystem::RM_RefereeSystemGetData(unsigned char) 0x0800a3f1   Thumb Code    54  rm_refereesystem.o(i._ZN16RM_RefereeSystem23RM_RefereeSystemGetDataEh)
    RM_RefereeSystem::RM_RefereeSystemParseData(unsigned char*, int) 0x0800a431   Thumb Code   160  rm_refereesystem.o(i._ZN16RM_RefereeSystem25RM_RefereeSystemParseDataEPhi)
    RM_RefereeSystemCRC::Get_CRC8_Check_Sum(unsigned char*, unsigned, unsigned char) 0x0800a4d9   Thumb Code    24  rm_refereesystemcrc.o(i._ZN19RM_RefereeSystemCRC18Get_CRC8_Check_SumEPhjh)
    RM_RefereeSystemCRC::Get_CRC16_Check_Sum(unsigned char*, unsigned, unsigned short) 0x0800a4f5   Thumb Code    38  rm_refereesystemcrc.o(i._ZN19RM_RefereeSystemCRC19Get_CRC16_Check_SumEPhjt)
    RM_RefereeSystemCRC::Verify_CRC8_Check_Sum(unsigned char*, unsigned) 0x0800a521   Thumb Code    38  rm_refereesystemcrc.o(i._ZN19RM_RefereeSystemCRC21Verify_CRC8_Check_SumEPhj)
    RM_RefereeSystemCRC::Verify_CRC16_Check_Sum(unsigned char*, unsigned) 0x0800a549   Thumb Code    54  rm_refereesystemcrc.o(i._ZN19RM_RefereeSystemCRC22Verify_CRC16_Check_SumEPhj)
    DM::ctrl_motor(FDCAN_HandleTypeDef*, float, float, float, float, float) 0x0800a585   Thumb Code   186  total_stack.o(i._ZN2DM10ctrl_motorEP19FDCAN_HandleTypeDeffffff)
    DM::on(FDCAN_HandleTypeDef*)             0x0800a651   Thumb Code    26  total_stack.o(i._ZN2DM2onEP19FDCAN_HandleTypeDef)
    DM::parse(FDCAN_RxHeaderTypeDef, const unsigned char*) 0x0800a66d   Thumb Code   276  total_stack.o(i._ZN2DM5parseE21FDCAN_RxHeaderTypeDefPKh)
    RM_PID::GetPidPos(Kpid_t, double, double, double) 0x0800a791   Thumb Code   282  total_stack.o(i._ZN6RM_PID9GetPidPosE6Kpid_tddd)
    RM_PID::RM_PID()                         0x0800a8b5   Thumb Code    34  total_stack.o(i._ZN6RM_PIDC1Ev)
    RM_PID::RM_PID__sub_object()             0x0800a8b5   Thumb Code     0  total_stack.o(i._ZN6RM_PIDC1Ev)
    Motor_t::Motor_t()                       0x0800a8e5   Thumb Code    32  total_stack.o(i._ZN7Motor_tC1Ev)
    Motor_t::Motor_t__sub_object()           0x0800a8e5   Thumb Code     0  total_stack.o(i._ZN7Motor_tC1Ev)
    RM_Motor::RM_Motor(short, unsigned char, Motor_t*, unsigned char*) 0x0800a905   Thumb Code   106  total_stack.o(i._ZN8RM_MotorC1EshP7Motor_tPh)
    RM_Motor::RM_Motor__sub_object(short, unsigned char, Motor_t*, unsigned char*) 0x0800a905   Thumb Code     0  total_stack.o(i._ZN8RM_MotorC1EshP7Motor_tPh)
    VMC_leg_t::Up_Left(float, float, float)  0x0800a971   Thumb Code   640  total_stack.o(i._ZN9VMC_leg_t7Up_LeftEfff)
    VMC_leg_t::Jacobian()                    0x0800abfd   Thumb Code   342  total_stack.o(i._ZN9VMC_leg_t8JacobianEv)
    VMC_leg_t::Up_Right(float, float, float) 0x0800ad55   Thumb Code   632  total_stack.o(i._ZN9VMC_leg_t8Up_RightEfff)
    VMC_leg_t::VMC_leg_t(float, float, float, float, float) 0x0800afd9   Thumb Code    12  total_stack.o(i._ZN9VMC_leg_tC1Efffff)
    VMC_leg_t::VMC_leg_t__sub_object(float, float, float, float, float) 0x0800afd9   Thumb Code     0  total_stack.o(i._ZN9VMC_leg_tC1Efffff)
    std::sqrt(float)                         0x0800afe5   Thumb Code     4  total_stack.o(i._ZSt4sqrtf)
    __ARM_fpclassifyf                        0x0800afe9   Thumb Code    38  fpclassifyf.o(i.__ARM_fpclassifyf)
    __aeabi_vec_ctor_nocookie_nodtor         0x0800b031   Thumb Code    36  aeabi_vec_ctor_nocookie_nodtor.o(i.__aeabi_vec_ctor_nocookie_nodtor)
    __hardfp_asinf                           0x0800b055   Thumb Code   258  asinf.o(i.__hardfp_asinf)
    __hardfp_atan2f                          0x0800b18d   Thumb Code   594  atan2f.o(i.__hardfp_atan2f)
    __hardfp_sqrt                            0x0800b441   Thumb Code   102  sqrt.o(i.__hardfp_sqrt)
    __hardfp_sqrtf                           0x0800b4a7   Thumb Code    58  sqrtf.o(i.__hardfp_sqrtf)
    __mathlib_flt_infnan                     0x0800b4e1   Thumb Code     6  funder.o(i.__mathlib_flt_infnan)
    __mathlib_flt_infnan2                    0x0800b4e7   Thumb Code     6  funder.o(i.__mathlib_flt_infnan2)
    __mathlib_flt_invalid                    0x0800b4ed   Thumb Code    10  funder.o(i.__mathlib_flt_invalid)
    __mathlib_flt_underflow                  0x0800b4fd   Thumb Code    10  funder.o(i.__mathlib_flt_underflow)
    arm_cos_f32                              0x0800b7ad   Thumb Code   118  fastmathfunctions.o(i.arm_cos_f32)
    arm_mat_add_f32                          0x0800b831   Thumb Code    42  matrixfunctions.o(i.arm_mat_add_f32)
    arm_mat_init_f32                         0x0800b85b   Thumb Code     8  matrixfunctions.o(i.arm_mat_init_f32)
    arm_mat_inverse_f32                      0x0800b865   Thumb Code   508  matrixfunctions.o(i.arm_mat_inverse_f32)
    arm_mat_mult_f32                         0x0800ba65   Thumb Code   112  matrixfunctions.o(i.arm_mat_mult_f32)
    arm_mat_sub_f32                          0x0800bad9   Thumb Code    42  matrixfunctions.o(i.arm_mat_sub_f32)
    arm_mat_trans_f32                        0x0800bb05   Thumb Code    52  matrixfunctions.o(i.arm_mat_trans_f32)
    arm_sin_f32                              0x0800bb39   Thumb Code   114  fastmathfunctions.o(i.arm_sin_f32)
    bmi088_accel_init                        0x0800bbb9   Thumb Code   292  bmi088driver.o(i.bmi088_accel_init)
    bmi088_gyro_init                         0x0800bce1   Thumb Code   246  bmi088driver.o(i.bmi088_gyro_init)
    mahony_init                              0x0800bde5   Thumb Code    32  mahony_filter.o(i.mahony_init)
    mahony_input                             0x0800be15   Thumb Code     8  mahony_filter.o(i.mahony_input)
    mahony_output                            0x0800be1d   Thumb Code    54  mahony_filter.o(i.mahony_output)
    mahony_update                            0x0800be53   Thumb Code   410  mahony_filter.o(i.mahony_update)
    main                                     0x0800bfed   Thumb Code   128  main.o(i.main)
    osDelay                                  0x0800c08b   Thumb Code    14  cmsis_os.o(i.osDelay)
    osKernelStart                            0x0800c099   Thumb Code    10  cmsis_os.o(i.osKernelStart)
    osThreadCreate                           0x0800c0a3   Thumb Code    84  cmsis_os.o(i.osThreadCreate)
    pvPortMalloc                             0x0800c44d   Thumb Code   216  heap_4.o(i.pvPortMalloc)
    pxPortInitialiseStack                    0x0800c529   Thumb Code    42  port.o(i.pxPortInitialiseStack)
    sqrtf                                    0x0800c559   Thumb Code    62  sqrtf.o(i.sqrtf)
    uxListRemove                             0x0800c597   Thumb Code    38  list.o(i.uxListRemove)
    vApplicationGetIdleTaskMemory            0x0800c5bd   Thumb Code    18  freertos.o(i.vApplicationGetIdleTaskMemory)
    vListInitialise                          0x0800c5d5   Thumb Code    22  list.o(i.vListInitialise)
    vListInitialiseItem                      0x0800c5eb   Thumb Code     6  list.o(i.vListInitialiseItem)
    vListInsert                              0x0800c5f1   Thumb Code    48  list.o(i.vListInsert)
    vListInsertEnd                           0x0800c621   Thumb Code    24  list.o(i.vListInsertEnd)
    vPortEnterCritical                       0x0800c639   Thumb Code    54  port.o(i.vPortEnterCritical)
    vPortExitCritical                        0x0800c679   Thumb Code    34  port.o(i.vPortExitCritical)
    vPortFree                                0x0800c6a1   Thumb Code    94  heap_4.o(i.vPortFree)
    vPortSetupTimerInterrupt                 0x0800c705   Thumb Code    32  port.o(i.vPortSetupTimerInterrupt)
    vTaskDelay                               0x0800c729   Thumb Code    66  tasks.o(i.vTaskDelay)
    vTaskStartScheduler                      0x0800c775   Thumb Code    90  tasks.o(i.vTaskStartScheduler)
    vTaskSuspendAll                          0x0800c7e1   Thumb Code    10  tasks.o(i.vTaskSuspendAll)
    vTaskSwitchContext                       0x0800c7f1   Thumb Code    82  tasks.o(i.vTaskSwitchContext)
    xPortStartScheduler                      0x0800c84d   Thumb Code   222  port.o(i.xPortStartScheduler)
    xTaskCreate                              0x0800c941   Thumb Code    90  tasks.o(i.xTaskCreate)
    xTaskCreateStatic                        0x0800c99b   Thumb Code    86  tasks.o(i.xTaskCreateStatic)
    xTaskIncrementTick                       0x0800c9f1   Thumb Code   194  tasks.o(i.xTaskIncrementTick)
    xTaskResumeAll                           0x0800cabd   Thumb Code   184  tasks.o(i.xTaskResumeAll)
    _fp_init                                 0x0800cb81   Thumb Code    10  fpinit.o(x$fpl$fpinit)
    __fplib_config_fpu_vfp                   0x0800cb89   Thumb Code     0  fpinit.o(x$fpl$fpinit)
    __fplib_config_pureend_doubles           0x0800cb89   Thumb Code     0  fpinit.o(x$fpl$fpinit)
    __I$use$fp                               0x0800cb8a   Number         0  usenofp.o(x$fpl$usenofp)
    UARTPrescTable                           0x0800cc98   Data          24  stm32h7xx_hal_uart.o(.constdata)
    D1CorePrescTable                         0x0800ccc0   Data          16  system_stm32h7xx.o(.constdata)
    sinTable_f32                             0x0800d838   Data        2052  commontables.o(.constdata)
    Region$$Table$$Base                      0x0800e090   Number         0  anon$$obj.o(Region$$Table)
    Region$$Table$$Limit                     0x0800e0b0   Number         0  anon$$obj.o(Region$$Table)
    SHT$$INIT_ARRAY$$Base                    0x0800e0b0   Number         0  total_stack.o(.init_array)
    SHT$$INIT_ARRAY$$Limit                   0x0800e0b4   Number         0  init_aeabi.o(.init_array)
    defaultTaskHandle                        0x24000000   Data           4  freertos.o(.data)
    INS_TASKHandle                           0x24000004   Data           4  freertos.o(.data)
    CHASSIS_L_TASKHandle                     0x24000008   Data           4  freertos.o(.data)
    CHASSIS_R_TASKHandle                     0x2400000c   Data           4  freertos.o(.data)
    OBSERVE_TASKHandle                       0x24000010   Data           4  freertos.o(.data)
    DBUS_TASKHandle                          0x24000014   Data           4  freertos.o(.data)
    uwTickFreq                               0x2400001c   Data           1  stm32h7xx_hal.o(.data)
    uwTickPrio                               0x24000020   Data           4  stm32h7xx_hal.o(.data)
    uwTick                                   0x24000024   Data           4  stm32h7xx_hal.o(.data)
    SystemCoreClock                          0x24000028   Data           4  system_stm32h7xx.o(.data)
    SystemD2Clock                            0x2400002c   Data           4  system_stm32h7xx.o(.data)
    pxCurrentTCB                             0x24000030   Data           4  tasks.o(.data)
    sizeof_float                             0x24000098   Data           2  kalman_filter.o(.data)
    sizeof_double                            0x2400009a   Data           2  kalman_filter.o(.data)
    SysTime                                  0x240000d0   Data           8  bsp_dwt.o(.data)
    CYCCNT64                                 0x240000d8   Data           8  bsp_dwt.o(.data)
    RM_RefereeSystemDirFlag                  0x240000e0   Data           1  rm_refereesystem.o(.data)
    RM_RefereeSystemp8Data                   0x240000e1   Data           1  rm_refereesystem.o(.data)
    dirTime                                  0x240000ec   Data           8  rm_refereesystem.o(.data)
    RM_RefereeSystemToop                     0x240000f4   Data          16  rm_refereesystem.o(.data)
    RM_RefereeSystem::rrrdata                0x24000104   Data          20  rm_refereesystem.o(.data)
    RM_RefereeSystemCRC::CRC_INIT            0x24000118   Data           2  rm_refereesystemcrc.o(.data)
    caliOffset                               0x2400011f   Data           1  bmi088driver.o(.data)
    caliCount                                0x24000120   Data           2  bmi088driver.o(.data)
    BMI088_ACCEL_SEN                         0x24000128   Data           4  bmi088driver.o(.data)
    BMI088_GYRO_SEN                          0x2400012c   Data           4  bmi088driver.o(.data)
    gNormDiff                                0x24000134   Data           4  bmi088driver.o(.data)
    BMI088_SPI                               0x24000164   Data           4  bmi088middleware.o(.data)
    INS_DWT_Count                            0x24000168   Data           4  ins_task.o(.data)
    ins_dt                                   0x2400016c   Data           4  ins_task.o(.data)
    ins_time                                 0x24000170   Data           4  ins_task.o(.data)
    gravity                                  0x24000174   Data          12  ins_task.o(.data)
    _CHASSIS_Motor2006_ID_                   0x24000180   Data           1  total_stack.o(.data)
    _GIMBAL_Motor2006_ID_                    0x24000181   Data           1  total_stack.o(.data)
    _GIMBAL_Motor6020_ID_                    0x24000182   Data           1  total_stack.o(.data)
    wwww                                     0x24000183   Data           1  total_stack.o(.data)
    Up_Chassis_Time                          0x24000184   Data           1  total_stack.o(.data)
    dir                                      0x24000187   Data           1  total_stack.o(.data)
    _CHASSIS_Motor3508_ID_                   0x24000188   Data           2  total_stack.o(.data)
    _CHASSIS_Motor6020_ID_                   0x2400018a   Data           2  total_stack.o(.data)
    _GIMBAL_Motor3508_ID_                    0x2400018c   Data           2  total_stack.o(.data)
    L1                                       0x24000190   Data           4  total_stack.o(.data)
    L2                                       0x24000194   Data           4  total_stack.o(.data)
    L3                                       0x24000198   Data           4  total_stack.o(.data)
    L4                                       0x2400019c   Data           4  total_stack.o(.data)
    L5                                       0x240001a0   Data           4  total_stack.o(.data)
    OBSERVE_TIME                             0x240001a4   Data           4  total_stack.o(.data)
    diffL                                    0x240001cc   Data           4  total_stack.o(.data)
    diffR                                    0x240001d0   Data           4  total_stack.o(.data)
    NonLinear_Fun::fhan_d                    0x240001d4   Data           4  total_stack.o(.data)
    NonLinear_Fun::fhan_a0                   0x240001d8   Data           4  total_stack.o(.data)
    NonLinear_Fun::fhan_y                    0x240001dc   Data           4  total_stack.o(.data)
    NonLinear_Fun::fhan_a1                   0x240001e0   Data           4  total_stack.o(.data)
    NonLinear_Fun::fhan_a2                   0x240001e4   Data           4  total_stack.o(.data)
    NonLinear_Fun::fhan_a                    0x240001e8   Data           4  total_stack.o(.data)
    CHASSIS_RxHeaderData                     0x240001ec   Data           8  total_stack.o(.data)
    GIMBAL_RxHeaderData                      0x240001f4   Data           8  total_stack.o(.data)
    RM_Clicker::dirTime                      0x240001fc   Data           8  total_stack.o(.data)
    msd_CHASSIS_6020                         0x24000204   Data           8  total_stack.o(.data)
    msd_CHASSIS_3508_2006                    0x2400020c   Data           8  total_stack.o(.data)
    msd_GIMBAL_6020                          0x24000214   Data           8  total_stack.o(.data)
    msd_GIMBAL_3508_2006                     0x2400021c   Data           8  total_stack.o(.data)
    vel_acc                                  0x24000224   Data           8  total_stack.o(.data)
    Poly_Coefficient                         0x2400022c   Data         192  total_stack.o(.data)
    LQR_K                                    0x240002ec   Data          48  total_stack.o(.data)
    vaEstimateKF_F                           0x2400031c   Data          16  total_stack.o(.data)
    vaEstimateKF_P                           0x2400032c   Data          16  total_stack.o(.data)
    vaEstimateKF_Q                           0x2400033c   Data          16  total_stack.o(.data)
    vaEstimateKF_R                           0x2400034c   Data          16  total_stack.o(.data)
    hfdcan1                                  0x240005b0   Data         160  fdcan.o(.bss)
    hfdcan2                                  0x24000650   Data         160  fdcan.o(.bss)
    hfdcan3                                  0x240006f0   Data         160  fdcan.o(.bss)
    hspi2                                    0x24000790   Data         136  spi.o(.bss)
    hdma_spi2_rx                             0x24000818   Data         120  spi.o(.bss)
    hdma_spi2_tx                             0x24000890   Data         120  spi.o(.bss)
    htim3                                    0x24000908   Data          76  tim.o(.bss)
    htim6                                    0x24000954   Data          76  tim.o(.bss)
    htim12                                   0x240009a0   Data          76  tim.o(.bss)
    huart5                                   0x240009ec   Data         148  usart.o(.bss)
    huart7                                   0x24000a80   Data         148  usart.o(.bss)
    huart10                                  0x24000b14   Data         148  usart.o(.bss)
    hdma_usart10_rx                          0x24000ba8   Data         120  usart.o(.bss)
    hdma_usart10_tx                          0x24000c20   Data         120  usart.o(.bss)
    htim1                                    0x24000c98   Data          76  stm32h7xx_hal_timebase_tim.o(.bss)
    RM_RefereeSystemData                     0x240085d4   Data         120  rm_refereesystem.o(.bss)
    RM_RefereeSystemData01                   0x2400864c   Data         120  rm_refereesystem.o(.bss)
    ext_power_heat_data_0x0201               0x240086c4   Data          13  rm_refereesystem.o(.bss)
    ext_power_heat_data_0x0202               0x240086d1   Data          16  rm_refereesystem.o(.bss)
    map_command_0x0303                       0x240086e1   Data          15  rm_refereesystem.o(.bss)
    tx_buf                                   0x240086f0   Data         128  rm_refereesystem.o(.bss)
    gyroDiff                                 0x240087a4   Data          12  bmi088driver.o(.bss)
    BMI088                                   0x240087b0   Data          64  bmi088driver.o(.bss)
    INS                                      0x240087f0   Data         148  ins_task.o(.bss)
    mahony                                   0x24008884   Data         132  ins_task.o(.bss)
    Gyro                                     0x24008908   Data          12  ins_task.o(.bss)
    Accel                                    0x24008914   Data          12  ins_task.o(.bss)
    _CHASSIS_Motor2006_                      0x24008920   Data         712  total_stack.o(.bss)
    _CHASSIS_Motor3508_                      0x24008be8   Data        1424  total_stack.o(.bss)
    _CHASSIS_Motor6020_                      0x24009178   Data        1424  total_stack.o(.bss)
    _GIMBAL_Motor2006_                       0x24009708   Data         712  total_stack.o(.bss)
    _GIMBAL_Motor3508_                       0x240099d0   Data        1424  total_stack.o(.bss)
    _GIMBAL_Motor6020_                       0x24009f60   Data         712  total_stack.o(.bss)
    isminmode                                0x2400a228   Data          32  total_stack.o(.bss)
    RM_Clicker::RC_Ctl                       0x2400a248   Data          24  total_stack.o(.bss)
    RM_Clicker::pData                        0x2400a260   Data          18  total_stack.o(.bss)
    CHASSIS_Motor2006                        0x2400a274   Data          16  total_stack.o(.bss)
    CHASSIS_Motor3508                        0x2400a284   Data          16  total_stack.o(.bss)
    CHASSIS_Motor6020                        0x2400a294   Data          16  total_stack.o(.bss)
    GIMBAL_Motor2006                         0x2400a2a4   Data          16  total_stack.o(.bss)
    GIMBAL_Motor3508                         0x2400a2b4   Data          16  total_stack.o(.bss)
    GIMBAL_Motor6020                         0x2400a2c4   Data          16  total_stack.o(.bss)
    pm01                                     0x2400a2d4   Data         104  total_stack.o(.bss)
    L_joint_0                                0x2400a33c   Data          56  total_stack.o(.bss)
    L_joint_1                                0x2400a374   Data          56  total_stack.o(.bss)
    L_Wheel                                  0x2400a3ac   Data          56  total_stack.o(.bss)
    R_joint_2                                0x2400a3e4   Data          56  total_stack.o(.bss)
    R_joint_3                                0x2400a41c   Data          56  total_stack.o(.bss)
    R_Wheel                                  0x2400a454   Data          56  total_stack.o(.bss)
    chassis                                  0x2400a48c   Data          92  total_stack.o(.bss)
    Turn                                     0x2400a4e8   Data         168  total_stack.o(.bss)
    Turn_pid                                 0x2400a590   Data          24  total_stack.o(.bss)
    V_speed                                  0x2400a5a8   Data          32  total_stack.o(.bss)
    dianlutd                                 0x2400a5c8   Data          32  total_stack.o(.bss)
    VMC_leg_L                                0x2400a5e8   Data         172  total_stack.o(.bss)
    VMC_leg_R                                0x2400a694   Data         172  total_stack.o(.bss)
    vaEstimateKF                             0x2400a740   Data         320  total_stack.o(.bss)
    send_str2                                0x2400a880   Data          64  total_stack.o(.bss)
    CHASSIS_RxHeader                         0x2400a8c0   Data          40  total_stack.o(.bss)
    GIMBAL_RxHeader                          0x2400a8e8   Data          40  total_stack.o(.bss)
    __libspace_start                         0x2400a910   Data          96  libspace.o(.bss)
    __temporary_stack_top$libspace           0x2400a970   Data           0  libspace.o(.bss)



==============================================================================

Memory Map of the image

  Image Entry point : 0x080002cd

  Load Region LR_IROM1 (Base: 0x08000000, Size: 0x0000e410, Max: 0x00100000, ABSOLUTE, COMPRESSED[0x0000e24c])

    Execution Region ER_IROM1 (Exec base: 0x08000000, Load base: 0x08000000, Size: 0x0000e0b4, Max: 0x00100000, ABSOLUTE)

    Exec Addr    Load Addr    Size         Type   Attr      Idx    E Section Name        Object

    0x08000000   0x08000000   0x000002cc   Data   RO            3    RESET               startup_stm32h723xx.o
    0x080002cc   0x080002cc   0x00000008   Code   RO        12865  * !!!main             c_w.l(__main.o)
    0x080002d4   0x080002d4   0x00000034   Code   RO        13323    !!!scatter          c_w.l(__scatter.o)
    0x08000308   0x08000308   0x0000005a   Code   RO        13321    !!dczerorl2         c_w.l(__dczerorl2.o)
    0x08000362   0x08000362   0x00000002   PAD
    0x08000364   0x08000364   0x0000001c   Code   RO        13325    !!handler_zi        c_w.l(__scatter_zi.o)
    0x08000380   0x08000380   0x00000002   Code   RO        13243    .ARM.Collect$$libinit$$00000000  c_w.l(libinit.o)
    0x08000382   0x08000382   0x00000004   Code   RO        13074    .ARM.Collect$$libinit$$00000001  c_w.l(libinit2.o)
    0x08000386   0x08000386   0x00000000   Code   RO        13077    .ARM.Collect$$libinit$$00000004  c_w.l(libinit2.o)
    0x08000386   0x08000386   0x00000008   Code   RO        13078    .ARM.Collect$$libinit$$00000005  c_w.l(libinit2.o)
    0x0800038e   0x0800038e   0x00000000   Code   RO        13080    .ARM.Collect$$libinit$$0000000A  c_w.l(libinit2.o)
    0x0800038e   0x0800038e   0x00000000   Code   RO        13082    .ARM.Collect$$libinit$$0000000C  c_w.l(libinit2.o)
    0x0800038e   0x0800038e   0x00000000   Code   RO        13084    .ARM.Collect$$libinit$$0000000E  c_w.l(libinit2.o)
    0x0800038e   0x0800038e   0x00000000   Code   RO        13087    .ARM.Collect$$libinit$$00000011  c_w.l(libinit2.o)
    0x0800038e   0x0800038e   0x00000000   Code   RO        13089    .ARM.Collect$$libinit$$00000013  c_w.l(libinit2.o)
    0x0800038e   0x0800038e   0x00000000   Code   RO        13091    .ARM.Collect$$libinit$$00000015  c_w.l(libinit2.o)
    0x0800038e   0x0800038e   0x00000000   Code   RO        13093    .ARM.Collect$$libinit$$00000017  c_w.l(libinit2.o)
    0x0800038e   0x0800038e   0x00000000   Code   RO        13095    .ARM.Collect$$libinit$$00000019  c_w.l(libinit2.o)
    0x0800038e   0x0800038e   0x00000000   Code   RO        13097    .ARM.Collect$$libinit$$0000001B  c_w.l(libinit2.o)
    0x0800038e   0x0800038e   0x00000000   Code   RO        13099    .ARM.Collect$$libinit$$0000001D  c_w.l(libinit2.o)
    0x0800038e   0x0800038e   0x00000000   Code   RO        13101    .ARM.Collect$$libinit$$0000001F  c_w.l(libinit2.o)
    0x0800038e   0x0800038e   0x00000000   Code   RO        13103    .ARM.Collect$$libinit$$00000021  c_w.l(libinit2.o)
    0x0800038e   0x0800038e   0x00000000   Code   RO        13105    .ARM.Collect$$libinit$$00000023  c_w.l(libinit2.o)
    0x0800038e   0x0800038e   0x00000000   Code   RO        13107    .ARM.Collect$$libinit$$00000025  c_w.l(libinit2.o)
    0x0800038e   0x0800038e   0x00000000   Code   RO        13111    .ARM.Collect$$libinit$$0000002C  c_w.l(libinit2.o)
    0x0800038e   0x0800038e   0x00000000   Code   RO        13113    .ARM.Collect$$libinit$$0000002E  c_w.l(libinit2.o)
    0x0800038e   0x0800038e   0x00000000   Code   RO        13115    .ARM.Collect$$libinit$$00000030  c_w.l(libinit2.o)
    0x0800038e   0x0800038e   0x00000004   Code   RO        13116    .ARM.Collect$$libinit$$00000031  c_w.l(libinit2.o)
    0x08000392   0x08000392   0x00000000   Code   RO        13117    .ARM.Collect$$libinit$$00000032  c_w.l(libinit2.o)
    0x08000392   0x08000392   0x00000002   Code   RO        13118    .ARM.Collect$$libinit$$00000033  c_w.l(libinit2.o)
    0x08000394   0x08000394   0x00000002   Code   RO        13318    .ARM.Collect$$libshutdown$$00000000  c_w.l(libshutdown.o)
    0x08000396   0x08000396   0x00000000   Code   RO        13270    .ARM.Collect$$libshutdown$$00000002  c_w.l(libshutdown2.o)
    0x08000396   0x08000396   0x00000000   Code   RO        13272    .ARM.Collect$$libshutdown$$00000004  c_w.l(libshutdown2.o)
    0x08000396   0x08000396   0x00000000   Code   RO        13274    .ARM.Collect$$libshutdown$$00000006  c_w.l(libshutdown2.o)
    0x08000396   0x08000396   0x00000000   Code   RO        13277    .ARM.Collect$$libshutdown$$00000009  c_w.l(libshutdown2.o)
    0x08000396   0x08000396   0x00000000   Code   RO        13280    .ARM.Collect$$libshutdown$$0000000C  c_w.l(libshutdown2.o)
    0x08000396   0x08000396   0x00000000   Code   RO        13282    .ARM.Collect$$libshutdown$$0000000E  c_w.l(libshutdown2.o)
    0x08000396   0x08000396   0x00000000   Code   RO        13285    .ARM.Collect$$libshutdown$$00000011  c_w.l(libshutdown2.o)
    0x08000396   0x08000396   0x00000002   Code   RO        13286    .ARM.Collect$$libshutdown$$00000012  c_w.l(libshutdown2.o)
    0x08000398   0x08000398   0x00000000   Code   RO        13034    .ARM.Collect$$rtentry$$00000000  c_w.l(__rtentry.o)
    0x08000398   0x08000398   0x00000000   Code   RO        13170    .ARM.Collect$$rtentry$$00000002  c_w.l(__rtentry2.o)
    0x08000398   0x08000398   0x00000006   Code   RO        13182    .ARM.Collect$$rtentry$$00000004  c_w.l(__rtentry4.o)
    0x0800039e   0x0800039e   0x00000000   Code   RO        13172    .ARM.Collect$$rtentry$$00000009  c_w.l(__rtentry2.o)
    0x0800039e   0x0800039e   0x00000004   Code   RO        13173    .ARM.Collect$$rtentry$$0000000A  c_w.l(__rtentry2.o)
    0x080003a2   0x080003a2   0x00000000   Code   RO        13175    .ARM.Collect$$rtentry$$0000000C  c_w.l(__rtentry2.o)
    0x080003a2   0x080003a2   0x00000008   Code   RO        13176    .ARM.Collect$$rtentry$$0000000D  c_w.l(__rtentry2.o)
    0x080003aa   0x080003aa   0x00000002   Code   RO        13253    .ARM.Collect$$rtexit$$00000000  c_w.l(rtexit.o)
    0x080003ac   0x080003ac   0x00000000   Code   RO        13290    .ARM.Collect$$rtexit$$00000002  c_w.l(rtexit2.o)
    0x080003ac   0x080003ac   0x00000004   Code   RO        13291    .ARM.Collect$$rtexit$$00000003  c_w.l(rtexit2.o)
    0x080003b0   0x080003b0   0x00000006   Code   RO        13292    .ARM.Collect$$rtexit$$00000004  c_w.l(rtexit2.o)
    0x080003b6   0x080003b6   0x00000002   PAD
    0x080003b8   0x080003b8   0x000000be   Code   RO         7022    .emb_text           port.o
    0x08000476   0x08000476   0x00000002   PAD
    0x08000478   0x08000478   0x00000000   Code   RO        13193    .emb_text           c_w.l(maybetermalloc1.o)
    0x08000478   0x08000478   0x00000040   Code   RO            4    .text               startup_stm32h723xx.o
    0x080004b8   0x080004b8   0x0000005e   Code   RO        12789    .text               c_w.l(h1_alloc.o)
    0x08000516   0x08000516   0x000000ee   Code   RO        12843    .text               c_w.l(lludivv7m.o)
    0x08000604   0x08000604   0x0000008a   Code   RO        12853    .text               c_w.l(rt_memcpy_v6.o)
    0x0800068e   0x0800068e   0x00000064   Code   RO        12855    .text               c_w.l(rt_memcpy_w.o)
    0x080006f2   0x080006f2   0x00000044   Code   RO        12859    .text               c_w.l(rt_memclr.o)
    0x08000736   0x08000736   0x0000004e   Code   RO        12861    .text               c_w.l(rt_memclr_w.o)
    0x08000784   0x08000784   0x00000006   Code   RO        12863    .text               c_w.l(heapauxi.o)
    0x0800078a   0x0800078a   0x00000002   PAD
    0x0800078c   0x0800078c   0x00000024   Code   RO        12870    .text               c_w.l(init_aeabi.o)
    0x080007b0   0x080007b0   0x00000008   Code   RO        13042    .text               c_w.l(rt_heap_descriptor_intlibspace.o)
    0x080007b8   0x080007b8   0x00000004   Code   RO        13044    .text               c_w.l(hguard.o)
    0x080007bc   0x080007bc   0x0000008a   Code   RO        13046    .text               c_w.l(init_alloc.o)
    0x08000846   0x08000846   0x0000000e   Code   RO        13052    .text               c_w.l(h1_init.o)
    0x08000854   0x08000854   0x0000004e   Code   RO        13054    .text               c_w.l(h1_free.o)
    0x080008a2   0x080008a2   0x00000016   Code   RO        13070    .text               c_w.l(_rserrno.o)
    0x080008b8   0x080008b8   0x00000008   Code   RO        13166    .text               c_w.l(libspace.o)
    0x080008c0   0x080008c0   0x00000008   Code   RO        13189    .text               c_w.l(rt_errno_addr_intlibspace.o)
    0x080008c8   0x080008c8   0x00000034   Code   RO        13195    .text               c_w.l(h1_extend.o)
    0x080008fc   0x080008fc   0x0000000e   Code   RO        13199    .text               c_w.l(defsig_rtmem_outer.o)
    0x0800090a   0x0800090a   0x00000002   Code   RO        13215    .text               c_w.l(use_no_semi.o)
    0x0800090c   0x0800090c   0x00000000   Code   RO        13217    .text               c_w.l(indicate_semi.o)
    0x0800090c   0x0800090c   0x0000004a   Code   RO        13218    .text               c_w.l(sys_stackheap_outer.o)
    0x08000956   0x08000956   0x00000012   Code   RO        13224    .text               c_w.l(exit.o)
    0x08000968   0x08000968   0x0000000a   Code   RO        13226    .text               c_w.l(defsig_exit.o)
    0x08000972   0x08000972   0x00000002   PAD
    0x08000974   0x08000974   0x00000050   Code   RO        13232    .text               c_w.l(defsig_rtmem_inner.o)
    0x080009c4   0x080009c4   0x0000000c   Code   RO        13251    .text               c_w.l(sys_exit.o)
    0x080009d0   0x080009d0   0x00000032   Code   RO        13265    .text               c_w.l(defsig_general.o)
    0x08000a02   0x08000a02   0x0000000e   Code   RO        13287    .text               c_w.l(sys_wrch.o)
    0x08000a10   0x08000a10   0x0000001c   Code   RO         8000    i.<Func15>          total_stack.o
    0x08000a2c   0x08000a2c   0x0000001c   Code   RO         8001    i.<Func16>          total_stack.o
    0x08000a48   0x08000a48   0x0000001c   Code   RO         8002    i.<Func17>          total_stack.o
    0x08000a64   0x08000a64   0x00000010   Code   RO         7889    i.BMI088_ACCEL_NS_H  bmi088middleware.o
    0x08000a74   0x08000a74   0x00000010   Code   RO         7890    i.BMI088_ACCEL_NS_L  bmi088middleware.o
    0x08000a84   0x08000a84   0x00000010   Code   RO         7891    i.BMI088_GYRO_NS_H  bmi088middleware.o
    0x08000a94   0x08000a94   0x00000010   Code   RO         7892    i.BMI088_GYRO_NS_L  bmi088middleware.o
    0x08000aa4   0x08000aa4   0x00000208   Code   RO         7803    i.BMI088_Read       bmi088driver.o
    0x08000cac   0x08000cac   0x00000098   Code   RO         7804    i.BMI088_init       bmi088driver.o
    0x08000d44   0x08000d44   0x00000024   Code   RO         7805    i.BMI088_read_muli_reg  bmi088driver.o
    0x08000d68   0x08000d68   0x00000016   Code   RO         7806    i.BMI088_read_single_reg  bmi088driver.o
    0x08000d7e   0x08000d7e   0x00000002   PAD
    0x08000d80   0x08000d80   0x00000024   Code   RO         7893    i.BMI088_read_write_byte  bmi088middleware.o
    0x08000da4   0x08000da4   0x00000012   Code   RO         7807    i.BMI088_write_single_reg  bmi088driver.o
    0x08000db6   0x08000db6   0x000000d2   Code   RO         7943    i.BodyFrameToEarthFrame  ins_task.o
    0x08000e88   0x08000e88   0x00000002   Code   RO          645    i.BusFault_Handler  stm32h7xx_it.o
    0x08000e8a   0x08000e8a   0x00000002   PAD
    0x08000e8c   0x08000e8c   0x000004ee   Code   RO         7808    i.Calibrate_MPU_Offset  bmi088driver.o
    0x0800137a   0x0800137a   0x00000006   Code   RO          310    i.Chassis_L_Task    freertos.o
    0x08001380   0x08001380   0x00000006   Code   RO          311    i.Chassis_R_TASK    freertos.o
    0x08001386   0x08001386   0x00000002   PAD
    0x08001388   0x08001388   0x0000013c   Code   RO         8003    i.Chassis_Task_L    total_stack.o
    0x080014c4   0x080014c4   0x0000010c   Code   RO         8004    i.Chassis_Task_R    total_stack.o
    0x080015d0   0x080015d0   0x00000008   Code   RO          312    i.DBUS_Task         freertos.o
    0x080015d8   0x080015d8   0x0000000c   Code   RO          646    i.DMA1_Stream0_IRQHandler  stm32h7xx_it.o
    0x080015e4   0x080015e4   0x0000000c   Code   RO          647    i.DMA1_Stream1_IRQHandler  stm32h7xx_it.o
    0x080015f0   0x080015f0   0x0000000c   Code   RO          648    i.DMA1_Stream2_IRQHandler  stm32h7xx_it.o
    0x080015fc   0x080015fc   0x0000000c   Code   RO          649    i.DMA1_Stream3_IRQHandler  stm32h7xx_it.o
    0x08001608   0x08001608   0x000000b4   Code   RO         1623    i.DMA_CalcBaseAndBitshift  stm32h7xx_hal_dma.o
    0x080016bc   0x080016bc   0x0000009c   Code   RO         1624    i.DMA_CalcDMAMUXChannelBaseAndMask  stm32h7xx_hal_dma.o
    0x08001758   0x08001758   0x00000074   Code   RO         1625    i.DMA_CalcDMAMUXRequestGenBaseAndMask  stm32h7xx_hal_dma.o
    0x080017cc   0x080017cc   0x00000054   Code   RO         1626    i.DMA_CheckFifoParam  stm32h7xx_hal_dma.o
    0x08001820   0x08001820   0x00000220   Code   RO         1627    i.DMA_SetConfig     stm32h7xx_hal_dma.o
    0x08001a40   0x08001a40   0x00000064   Code   RO         8005    i.DM_Send_Task      total_stack.o
    0x08001aa4   0x08001aa4   0x00000024   Code   RO         7312    i.DWT_CNT_Update    bsp_dwt.o
    0x08001ac8   0x08001ac8   0x00000034   Code   RO         7313    i.DWT_Delay         bsp_dwt.o
    0x08001afc   0x08001afc   0x00000044   Code   RO         7314    i.DWT_GetDeltaT     bsp_dwt.o
    0x08001b40   0x08001b40   0x00000044   Code   RO         7317    i.DWT_GetTimeline_s  bsp_dwt.o
    0x08001b84   0x08001b84   0x00000048   Code   RO         7319    i.DWT_Init          bsp_dwt.o
    0x08001bcc   0x08001bcc   0x0000009c   Code   RO         7320    i.DWT_SysTimeUpdate  bsp_dwt.o
    0x08001c68   0x08001c68   0x00000002   Code   RO          650    i.DebugMon_Handler  stm32h7xx_it.o
    0x08001c6a   0x08001c6a   0x000000d2   Code   RO         7944    i.EarthFrameToBodyFrame  ins_task.o
    0x08001d3c   0x08001d3c   0x00000004   Code   RO           13    i.Error_Handler     main.o
    0x08001d40   0x08001d40   0x0000000c   Code   RO          651    i.FDCAN1_IT0_IRQHandler  stm32h7xx_it.o
    0x08001d4c   0x08001d4c   0x0000000c   Code   RO          652    i.FDCAN2_IT0_IRQHandler  stm32h7xx_it.o
    0x08001d58   0x08001d58   0x0000000c   Code   RO          653    i.FDCAN3_IT0_IRQHandler  stm32h7xx_it.o
    0x08001d64   0x08001d64   0x000001c8   Code   RO         3264    i.FDCAN_CalcultateRamBlockAddresses  stm32h7xx_hal_fdcan.o
    0x08001f2c   0x08001f2c   0x0000007c   Code   RO         3265    i.FDCAN_CopyMessageToRAM  stm32h7xx_hal_fdcan.o
    0x08001fa8   0x08001fa8   0x00000360   Code   RO         1628    i.HAL_DMA_Abort     stm32h7xx_hal_dma.o
    0x08002308   0x08002308   0x00000284   Code   RO         1629    i.HAL_DMA_Abort_IT  stm32h7xx_hal_dma.o
    0x0800258c   0x0800258c   0x000006e8   Code   RO         1633    i.HAL_DMA_IRQHandler  stm32h7xx_hal_dma.o
    0x08002c74   0x08002c74   0x000003bc   Code   RO         1634    i.HAL_DMA_Init      stm32h7xx_hal_dma.o
    0x08003030   0x08003030   0x0000029c   Code   RO         1638    i.HAL_DMA_Start_IT  stm32h7xx_hal_dma.o
    0x080032cc   0x080032cc   0x00000024   Code   RO         2325    i.HAL_Delay         stm32h7xx_hal.o
    0x080032f0   0x080032f0   0x00000088   Code   RO         3267    i.HAL_FDCAN_ActivateNotification  stm32h7xx_hal_fdcan.o
    0x08003378   0x08003378   0x00000066   Code   RO         3269    i.HAL_FDCAN_AddMessageToTxFifoQ  stm32h7xx_hal_fdcan.o
    0x080033de   0x080033de   0x00000002   Code   RO         3270    i.HAL_FDCAN_ClockCalibrationCallback  stm32h7xx_hal_fdcan.o
    0x080033e0   0x080033e0   0x0000007e   Code   RO         3274    i.HAL_FDCAN_ConfigFilter  stm32h7xx_hal_fdcan.o
    0x0800345e   0x0800345e   0x00000002   Code   RO         3296    i.HAL_FDCAN_ErrorCallback  stm32h7xx_hal_fdcan.o
    0x08003460   0x08003460   0x00000002   Code   RO         3297    i.HAL_FDCAN_ErrorStatusCallback  stm32h7xx_hal_fdcan.o
    0x08003462   0x08003462   0x00000002   PAD
    0x08003464   0x08003464   0x0000018c   Code   RO         3308    i.HAL_FDCAN_GetRxMessage  stm32h7xx_hal_fdcan.o
    0x080035f0   0x080035f0   0x00000002   Code   RO         3314    i.HAL_FDCAN_HighPriorityMessageCallback  stm32h7xx_hal_fdcan.o
    0x080035f2   0x080035f2   0x00000002   PAD
    0x080035f4   0x080035f4   0x00000320   Code   RO         3315    i.HAL_FDCAN_IRQHandler  stm32h7xx_hal_fdcan.o
    0x08003914   0x08003914   0x00000244   Code   RO         3316    i.HAL_FDCAN_Init    stm32h7xx_hal_fdcan.o
    0x08003b58   0x08003b58   0x0000013c   Code   RO          423    i.HAL_FDCAN_MspInit  fdcan.o
    0x08003c94   0x08003c94   0x00000002   Code   RO         3325    i.HAL_FDCAN_RxBufferNewMessageCallback  stm32h7xx_hal_fdcan.o
    0x08003c96   0x08003c96   0x00000002   PAD
    0x08003c98   0x08003c98   0x00000080   Code   RO         8006    i.HAL_FDCAN_RxFifo0Callback  total_stack.o
    0x08003d18   0x08003d18   0x00000080   Code   RO         8007    i.HAL_FDCAN_RxFifo1Callback  total_stack.o
    0x08003d98   0x08003d98   0x00000032   Code   RO         3328    i.HAL_FDCAN_Start   stm32h7xx_hal_fdcan.o
    0x08003dca   0x08003dca   0x00000002   Code   RO         3350    i.HAL_FDCAN_TT_GlobalTimeCallback  stm32h7xx_hal_fdcan.o
    0x08003dcc   0x08003dcc   0x00000002   Code   RO         3351    i.HAL_FDCAN_TT_ScheduleSyncCallback  stm32h7xx_hal_fdcan.o
    0x08003dce   0x08003dce   0x00000002   Code   RO         3356    i.HAL_FDCAN_TT_StopWatchCallback  stm32h7xx_hal_fdcan.o
    0x08003dd0   0x08003dd0   0x00000002   Code   RO         3357    i.HAL_FDCAN_TT_TimeMarkCallback  stm32h7xx_hal_fdcan.o
    0x08003dd2   0x08003dd2   0x00000002   Code   RO         3358    i.HAL_FDCAN_TimeoutOccurredCallback  stm32h7xx_hal_fdcan.o
    0x08003dd4   0x08003dd4   0x00000002   Code   RO         3359    i.HAL_FDCAN_TimestampWraparoundCallback  stm32h7xx_hal_fdcan.o
    0x08003dd6   0x08003dd6   0x00000002   Code   RO         3360    i.HAL_FDCAN_TxBufferAbortCallback  stm32h7xx_hal_fdcan.o
    0x08003dd8   0x08003dd8   0x00000002   Code   RO         3361    i.HAL_FDCAN_TxBufferCompleteCallback  stm32h7xx_hal_fdcan.o
    0x08003dda   0x08003dda   0x00000002   Code   RO         3362    i.HAL_FDCAN_TxEventFifoCallback  stm32h7xx_hal_fdcan.o
    0x08003ddc   0x08003ddc   0x00000002   Code   RO         3363    i.HAL_FDCAN_TxFifoEmptyCallback  stm32h7xx_hal_fdcan.o
    0x08003dde   0x08003dde   0x00000002   PAD
    0x08003de0   0x08003de0   0x0000021c   Code   RO         1476    i.HAL_GPIO_Init     stm32h7xx_hal_gpio.o
    0x08003ffc   0x08003ffc   0x0000000a   Code   RO         1480    i.HAL_GPIO_WritePin  stm32h7xx_hal_gpio.o
    0x08004006   0x08004006   0x00000002   PAD
    0x08004008   0x08004008   0x0000000c   Code   RO         2341    i.HAL_GetTick       stm32h7xx_hal.o
    0x08004014   0x08004014   0x00000010   Code   RO         2347    i.HAL_IncTick       stm32h7xx_hal.o
    0x08004024   0x08004024   0x0000005c   Code   RO         2348    i.HAL_Init          stm32h7xx_hal.o
    0x08004080   0x08004080   0x00000084   Code   RO          811    i.HAL_InitTick      stm32h7xx_hal_timebase_tim.o
    0x08004104   0x08004104   0x00000024   Code   RO          787    i.HAL_MspInit       stm32h7xx_hal_msp.o
    0x08004128   0x08004128   0x0000001a   Code   RO          858    i.HAL_NVIC_EnableIRQ  stm32h7xx_hal_cortex.o
    0x08004142   0x08004142   0x00000002   PAD
    0x08004144   0x08004144   0x00000040   Code   RO          864    i.HAL_NVIC_SetPriority  stm32h7xx_hal_cortex.o
    0x08004184   0x08004184   0x00000024   Code   RO          865    i.HAL_NVIC_SetPriorityGrouping  stm32h7xx_hal_cortex.o
    0x080041a8   0x080041a8   0x00000054   Code   RO         2077    i.HAL_PWREx_ConfigSupply  stm32h7xx_hal_pwr_ex.o
    0x080041fc   0x080041fc   0x00000024   Code   RO         1119    i.HAL_RCCEx_GetD3PCLK1Freq  stm32h7xx_hal_rcc_ex.o
    0x08004220   0x08004220   0x00000144   Code   RO         1121    i.HAL_RCCEx_GetPLL2ClockFreq  stm32h7xx_hal_rcc_ex.o
    0x08004364   0x08004364   0x00000144   Code   RO         1122    i.HAL_RCCEx_GetPLL3ClockFreq  stm32h7xx_hal_rcc_ex.o
    0x080044a8   0x080044a8   0x0000093a   Code   RO         1128    i.HAL_RCCEx_PeriphCLKConfig  stm32h7xx_hal_rcc_ex.o
    0x08004de2   0x08004de2   0x00000002   PAD
    0x08004de4   0x08004de4   0x0000025c   Code   RO         1004    i.HAL_RCC_ClockConfig  stm32h7xx_hal_rcc.o
    0x08005040   0x08005040   0x0000005c   Code   RO         1008    i.HAL_RCC_GetClockConfig  stm32h7xx_hal_rcc.o
    0x0800509c   0x0800509c   0x00000044   Code   RO         1009    i.HAL_RCC_GetHCLKFreq  stm32h7xx_hal_rcc.o
    0x080050e0   0x080050e0   0x00000024   Code   RO         1011    i.HAL_RCC_GetPCLK1Freq  stm32h7xx_hal_rcc.o
    0x08005104   0x08005104   0x00000024   Code   RO         1012    i.HAL_RCC_GetPCLK2Freq  stm32h7xx_hal_rcc.o
    0x08005128   0x08005128   0x00000138   Code   RO         1013    i.HAL_RCC_GetSysClockFreq  stm32h7xx_hal_rcc.o
    0x08005260   0x08005260   0x00000526   Code   RO         1016    i.HAL_RCC_OscConfig  stm32h7xx_hal_rcc.o
    0x08005786   0x08005786   0x00000002   Code   RO         3889    i.HAL_SPI_ErrorCallback  stm32h7xx_hal_spi.o
    0x08005788   0x08005788   0x00000224   Code   RO         3892    i.HAL_SPI_IRQHandler  stm32h7xx_hal_spi.o
    0x080059ac   0x080059ac   0x0000017c   Code   RO         3893    i.HAL_SPI_Init      stm32h7xx_hal_spi.o
    0x08005b28   0x08005b28   0x00000124   Code   RO          478    i.HAL_SPI_MspInit   spi.o
    0x08005c4c   0x08005c4c   0x00000002   Code   RO         3899    i.HAL_SPI_RxCpltCallback  stm32h7xx_hal_spi.o
    0x08005c4e   0x08005c4e   0x00000002   Code   RO         3901    i.HAL_SPI_SuspendCallback  stm32h7xx_hal_spi.o
    0x08005c50   0x08005c50   0x00000348   Code   RO         3903    i.HAL_SPI_TransmitReceive  stm32h7xx_hal_spi.o
    0x08005f98   0x08005f98   0x00000002   Code   RO         3908    i.HAL_SPI_TxCpltCallback  stm32h7xx_hal_spi.o
    0x08005f9a   0x08005f9a   0x00000002   Code   RO         3910    i.HAL_SPI_TxRxCpltCallback  stm32h7xx_hal_spi.o
    0x08005f9c   0x08005f9c   0x00000002   Code   RO         4927    i.HAL_TIMEx_Break2Callback  stm32h7xx_hal_tim_ex.o
    0x08005f9e   0x08005f9e   0x00000002   Code   RO         4928    i.HAL_TIMEx_BreakCallback  stm32h7xx_hal_tim_ex.o
    0x08005fa0   0x08005fa0   0x00000002   Code   RO         4929    i.HAL_TIMEx_CommutCallback  stm32h7xx_hal_tim_ex.o
    0x08005fa2   0x08005fa2   0x00000002   PAD
    0x08005fa4   0x08005fa4   0x000000b8   Code   RO         4950    i.HAL_TIMEx_MasterConfigSynchronization  stm32h7xx_hal_tim_ex.o
    0x0800605c   0x0800605c   0x00000062   Code   RO         4213    i.HAL_TIM_Base_Init  stm32h7xx_hal_tim.o
    0x080060be   0x080060be   0x00000002   PAD
    0x080060c0   0x080060c0   0x00000064   Code   RO          520    i.HAL_TIM_Base_MspInit  tim.o
    0x08006124   0x08006124   0x000000a0   Code   RO         4218    i.HAL_TIM_Base_Start_IT  stm32h7xx_hal_tim.o
    0x080061c4   0x080061c4   0x000000fc   Code   RO         4222    i.HAL_TIM_ConfigClockSource  stm32h7xx_hal_tim.o
    0x080062c0   0x080062c0   0x00000002   Code   RO         4247    i.HAL_TIM_IC_CaptureCallback  stm32h7xx_hal_tim.o
    0x080062c2   0x080062c2   0x00000148   Code   RO         4261    i.HAL_TIM_IRQHandler  stm32h7xx_hal_tim.o
    0x0800640a   0x0800640a   0x00000002   PAD
    0x0800640c   0x0800640c   0x00000050   Code   RO          521    i.HAL_TIM_MspPostInit  tim.o
    0x0800645c   0x0800645c   0x00000002   Code   RO         4264    i.HAL_TIM_OC_DelayElapsedCallback  stm32h7xx_hal_tim.o
    0x0800645e   0x0800645e   0x00000124   Code   RO         4285    i.HAL_TIM_PWM_ConfigChannel  stm32h7xx_hal_tim.o
    0x08006582   0x08006582   0x00000062   Code   RO         4288    i.HAL_TIM_PWM_Init  stm32h7xx_hal_tim.o
    0x080065e4   0x080065e4   0x00000028   Code   RO          523    i.HAL_TIM_PWM_MspInit  tim.o
    0x0800660c   0x0800660c   0x00000002   Code   RO         4291    i.HAL_TIM_PWM_PulseFinishedCallback  stm32h7xx_hal_tim.o
    0x0800660e   0x0800660e   0x00000002   PAD
    0x08006610   0x08006610   0x0000002c   Code   RO           14    i.HAL_TIM_PeriodElapsedCallback  main.o
    0x0800663c   0x0800663c   0x00000002   Code   RO         4304    i.HAL_TIM_TriggerCallback  stm32h7xx_hal_tim.o
    0x0800663e   0x0800663e   0x00000040   Code   RO         5650    i.HAL_UARTEx_DisableFifoMode  stm32h7xx_hal_uart_ex.o
    0x0800667e   0x0800667e   0x0000004e   Code   RO         5657    i.HAL_UARTEx_ReceiveToIdle_IT  stm32h7xx_hal_uart_ex.o
    0x080066cc   0x080066cc   0x00000044   Code   RO         8008    i.HAL_UARTEx_RxEventCallback  total_stack.o
    0x08006710   0x08006710   0x00000002   Code   RO         5658    i.HAL_UARTEx_RxFifoFullCallback  stm32h7xx_hal_uart_ex.o
    0x08006712   0x08006712   0x0000004c   Code   RO         5659    i.HAL_UARTEx_SetRxFifoThreshold  stm32h7xx_hal_uart_ex.o
    0x0800675e   0x0800675e   0x0000004c   Code   RO         5660    i.HAL_UARTEx_SetTxFifoThreshold  stm32h7xx_hal_uart_ex.o
    0x080067aa   0x080067aa   0x00000002   Code   RO         5662    i.HAL_UARTEx_TxFifoEmptyCallback  stm32h7xx_hal_uart_ex.o
    0x080067ac   0x080067ac   0x00000002   Code   RO         5663    i.HAL_UARTEx_WakeupCallback  stm32h7xx_hal_uart_ex.o
    0x080067ae   0x080067ae   0x00000002   Code   RO         5255    i.HAL_UART_ErrorCallback  stm32h7xx_hal_uart.o
    0x080067b0   0x080067b0   0x00000388   Code   RO         5258    i.HAL_UART_IRQHandler  stm32h7xx_hal_uart.o
    0x08006b38   0x08006b38   0x0000006a   Code   RO         5259    i.HAL_UART_Init     stm32h7xx_hal_uart.o
    0x08006ba2   0x08006ba2   0x00000002   PAD
    0x08006ba4   0x08006ba4   0x00000238   Code   RO          592    i.HAL_UART_MspInit  usart.o
    0x08006ddc   0x08006ddc   0x00000048   Code   RO         5264    i.HAL_UART_Receive_IT  stm32h7xx_hal_uart.o
    0x08006e24   0x08006e24   0x00000004   Code   RO         8009    i.HAL_UART_RxCpltCallback  total_stack.o
    0x08006e28   0x08006e28   0x00000090   Code   RO         5269    i.HAL_UART_Transmit_DMA  stm32h7xx_hal_uart.o
    0x08006eb8   0x08006eb8   0x00000002   Code   RO         5271    i.HAL_UART_TxCpltCallback  stm32h7xx_hal_uart.o
    0x08006eba   0x08006eba   0x00000002   Code   RO         5272    i.HAL_UART_TxHalfCpltCallback  stm32h7xx_hal_uart.o
    0x08006ebc   0x08006ebc   0x00000110   Code   RO         7234    i.H_K_R_Adjustment  kalman_filter.o
    0x08006fcc   0x08006fcc   0x00000002   Code   RO          654    i.HardFault_Handler  stm32h7xx_it.o
    0x08006fce   0x08006fce   0x00000002   PAD
    0x08006fd0   0x08006fd0   0x00000034   Code   RO         7945    i.INS_Init          ins_task.o
    0x08007004   0x08007004   0x00000006   Code   RO          313    i.INS_Task          freertos.o
    0x0800700a   0x0800700a   0x00000002   PAD
    0x0800700c   0x0800700c   0x00000214   Code   RO         7946    i.INS_task          ins_task.o
    0x08007220   0x08007220   0x000003e4   Code   RO         7235    i.Kalman_Filter_Init  kalman_filter.o
    0x08007604   0x08007604   0x00000048   Code   RO         7236    i.Kalman_Filter_Measure  kalman_filter.o
    0x0800764c   0x0800764c   0x0000006a   Code   RO         7237    i.Kalman_Filter_P_Update  kalman_filter.o
    0x080076b6   0x080076b6   0x0000006c   Code   RO         7238    i.Kalman_Filter_PminusUpdate  kalman_filter.o
    0x08007722   0x08007722   0x000000ca   Code   RO         7239    i.Kalman_Filter_SetK  kalman_filter.o
    0x080077ec   0x080077ec   0x000000e8   Code   RO         7240    i.Kalman_Filter_Update  kalman_filter.o
    0x080078d4   0x080078d4   0x00000074   Code   RO         7241    i.Kalman_Filter_xhatMinusUpdate  kalman_filter.o
    0x08007948   0x08007948   0x00000084   Code   RO         7242    i.Kalman_Filter_xhatUpdate  kalman_filter.o
    0x080079cc   0x080079cc   0x0000013c   Code   RO         8010    i.Kalman_task       total_stack.o
    0x08007b08   0x08007b08   0x0000005c   Code   RO          398    i.MX_DMA_Init       dma.o
    0x08007b64   0x08007b64   0x00000068   Code   RO          424    i.MX_FDCAN1_Init    fdcan.o
    0x08007bcc   0x08007bcc   0x00000070   Code   RO          425    i.MX_FDCAN2_Init    fdcan.o
    0x08007c3c   0x08007c3c   0x00000074   Code   RO          426    i.MX_FDCAN3_Init    fdcan.o
    0x08007cb0   0x08007cb0   0x00000094   Code   RO          314    i.MX_FREERTOS_Init  freertos.o
    0x08007d44   0x08007d44   0x0000012c   Code   RO          286    i.MX_GPIO_Init      gpio.o
    0x08007e70   0x08007e70   0x00000064   Code   RO          479    i.MX_SPI2_Init      spi.o
    0x08007ed4   0x08007ed4   0x00000068   Code   RO          524    i.MX_TIM12_Init     tim.o
    0x08007f3c   0x08007f3c   0x00000074   Code   RO          525    i.MX_TIM3_Init      tim.o
    0x08007fb0   0x08007fb0   0x00000048   Code   RO          526    i.MX_TIM6_Init      tim.o
    0x08007ff8   0x08007ff8   0x0000006c   Code   RO          593    i.MX_UART5_Init     usart.o
    0x08008064   0x08008064   0x00000068   Code   RO          594    i.MX_UART7_Init     usart.o
    0x080080cc   0x080080cc   0x00000068   Code   RO          595    i.MX_USART10_UART_Init  usart.o
    0x08008134   0x08008134   0x00000002   Code   RO          655    i.MemManage_Handler  stm32h7xx_it.o
    0x08008136   0x08008136   0x00000002   Code   RO          656    i.NMI_Handler       stm32h7xx_it.o
    0x08008138   0x08008138   0x00000006   Code   RO          315    i.OBSERVE_Task      freertos.o
    0x0800813e   0x0800813e   0x00000044   Code   RO           15    i.PeriphCommonClock_Config  main.o
    0x08008182   0x08008182   0x00000002   PAD
    0x08008184   0x08008184   0x00000120   Code   RO         1131    i.RCCEx_PLL2_Config  stm32h7xx_hal_rcc_ex.o
    0x080082a4   0x080082a4   0x00000120   Code   RO         1132    i.RCCEx_PLL3_Config  stm32h7xx_hal_rcc_ex.o
    0x080083c4   0x080083c4   0x000000ae   Code   RO         7102    i.RotationMatrix_update  mahony_filter.o
    0x08008472   0x08008472   0x00000002   PAD
    0x08008474   0x08008474   0x0000000c   Code   RO          657    i.SPI2_IRQHandler   stm32h7xx_it.o
    0x08008480   0x08008480   0x000000bc   Code   RO         3913    i.SPI_CloseTransfer  stm32h7xx_hal_spi.o
    0x0800853c   0x0800853c   0x0000001a   Code   RO         3914    i.SPI_DMAAbortOnError  stm32h7xx_hal_spi.o
    0x08008556   0x08008556   0x00000002   PAD
    0x08008558   0x08008558   0x00000046   Code   RO         3930    i.SPI_WaitOnFlagUntilTimeout  stm32h7xx_hal_spi.o
    0x0800859e   0x0800859e   0x00000008   Code   RO          316    i.StartDefaultTask  freertos.o
    0x080085a6   0x080085a6   0x00000002   PAD
    0x080085a8   0x080085a8   0x0000002c   Code   RO         7023    i.SysTick_Handler   port.o
    0x080085d4   0x080085d4   0x00000094   Code   RO           16    i.SystemClock_Config  main.o
    0x08008668   0x08008668   0x000000c0   Code   RO         5769    i.SystemInit        system_stm32h7xx.o
    0x08008728   0x08008728   0x0000000c   Code   RO          658    i.TIM1_UP_IRQHandler  stm32h7xx_it.o
    0x08008734   0x08008734   0x0000000c   Code   RO          659    i.TIM6_DAC_IRQHandler  stm32h7xx_it.o
    0x08008740   0x08008740   0x0000000c   Code   RO          660    i.TIM8_BRK_TIM12_IRQHandler  stm32h7xx_it.o
    0x0800874c   0x0800874c   0x000000e4   Code   RO         4306    i.TIM_Base_SetConfig  stm32h7xx_hal_tim.o
    0x08008830   0x08008830   0x00000012   Code   RO         4317    i.TIM_ETR_SetConfig  stm32h7xx_hal_tim.o
    0x08008842   0x08008842   0x00000002   PAD
    0x08008844   0x08008844   0x00000014   Code   RO         4318    i.TIM_ITRx_SetConfig  stm32h7xx_hal_tim.o
    0x08008858   0x08008858   0x000000a4   Code   RO         4319    i.TIM_OC1_SetConfig  stm32h7xx_hal_tim.o
    0x080088fc   0x080088fc   0x00000098   Code   RO         4320    i.TIM_OC2_SetConfig  stm32h7xx_hal_tim.o
    0x08008994   0x08008994   0x00000098   Code   RO         4321    i.TIM_OC3_SetConfig  stm32h7xx_hal_tim.o
    0x08008a2c   0x08008a2c   0x00000078   Code   RO         4322    i.TIM_OC4_SetConfig  stm32h7xx_hal_tim.o
    0x08008aa4   0x08008aa4   0x00000074   Code   RO         4323    i.TIM_OC5_SetConfig  stm32h7xx_hal_tim.o
    0x08008b18   0x08008b18   0x00000074   Code   RO         4324    i.TIM_OC6_SetConfig  stm32h7xx_hal_tim.o
    0x08008b8c   0x08008b8c   0x00000022   Code   RO         4326    i.TIM_TI1_ConfigInputStage  stm32h7xx_hal_tim.o
    0x08008bae   0x08008bae   0x00000024   Code   RO         4328    i.TIM_TI2_ConfigInputStage  stm32h7xx_hal_tim.o
    0x08008bd2   0x08008bd2   0x00000002   PAD
    0x08008bd4   0x08008bd4   0x00000048   Code   RO         8011    i.Total_tasks_Init  total_stack.o
    0x08008c1c   0x08008c1c   0x0000000c   Code   RO          661    i.UART5_IRQHandler  stm32h7xx_it.o
    0x08008c28   0x08008c28   0x0000000c   Code   RO          662    i.UART7_IRQHandler  stm32h7xx_it.o
    0x08008c34   0x08008c34   0x00000044   Code   RO         5664    i.UARTEx_SetNbDataToProcess  stm32h7xx_hal_uart_ex.o
    0x08008c78   0x08008c78   0x000000c8   Code   RO         5273    i.UART_AdvFeatureConfig  stm32h7xx_hal_uart.o
    0x08008d40   0x08008d40   0x000000aa   Code   RO         5274    i.UART_CheckIdleState  stm32h7xx_hal_uart.o
    0x08008dea   0x08008dea   0x00000014   Code   RO         5275    i.UART_DMAAbortOnError  stm32h7xx_hal_uart.o
    0x08008dfe   0x08008dfe   0x0000004e   Code   RO         5276    i.UART_DMAError     stm32h7xx_hal_uart.o
    0x08008e4c   0x08008e4c   0x00000040   Code   RO         5281    i.UART_DMATransmitCplt  stm32h7xx_hal_uart.o
    0x08008e8c   0x08008e8c   0x0000000a   Code   RO         5283    i.UART_DMATxHalfCplt  stm32h7xx_hal_uart.o
    0x08008e96   0x08008e96   0x00000002   PAD
    0x08008e98   0x08008e98   0x00000054   Code   RO         5285    i.UART_EndRxTransfer  stm32h7xx_hal_uart.o
    0x08008eec   0x08008eec   0x0000002e   Code   RO         5286    i.UART_EndTxTransfer  stm32h7xx_hal_uart.o
    0x08008f1a   0x08008f1a   0x00000002   PAD
    0x08008f1c   0x08008f1c   0x000000c8   Code   RO         5287    i.UART_RxISR_16BIT  stm32h7xx_hal_uart.o
    0x08008fe4   0x08008fe4   0x000001a0   Code   RO         5288    i.UART_RxISR_16BIT_FIFOEN  stm32h7xx_hal_uart.o
    0x08009184   0x08009184   0x000000c8   Code   RO         5289    i.UART_RxISR_8BIT   stm32h7xx_hal_uart.o
    0x0800924c   0x0800924c   0x000001a0   Code   RO         5290    i.UART_RxISR_8BIT_FIFOEN  stm32h7xx_hal_uart.o
    0x080093ec   0x080093ec   0x000003dc   Code   RO         5291    i.UART_SetConfig    stm32h7xx_hal_uart.o
    0x080097c8   0x080097c8   0x00000110   Code   RO         5293    i.UART_Start_Receive_IT  stm32h7xx_hal_uart.o
    0x080098d8   0x080098d8   0x00000094   Code   RO         5298    i.UART_WaitOnFlagUntilTimeout  stm32h7xx_hal_uart.o
    0x0800996c   0x0800996c   0x0000000c   Code   RO          663    i.USART10_IRQHandler  stm32h7xx_it.o
    0x08009978   0x08009978   0x00000002   Code   RO          664    i.UsageFault_Handler  stm32h7xx_it.o
    0x0800997a   0x0800997a   0x0000002e   Code   RO         8012    i._Z10LQR_K_calcPff  total_stack.o
    0x080099a8   0x080099a8   0x00000054   Code   RO         8018    i._Z13ChassisL_Initv  total_stack.o
    0x080099fc   0x080099fc   0x00000054   Code   RO         8019    i._Z13ChassisR_Initv  total_stack.o
    0x08009a50   0x08009a50   0x00000048   Code   RO         8020    i._Z13RM_FDCan_Initv  total_stack.o
    0x08009a98   0x08009a98   0x00000024   Code   RO         8021    i._Z13RM_FDCan_SendP19FDCAN_HandleTypeDefjPh  total_stack.o
    0x08009abc   0x08009abc   0x00000028   Code   RO         8022    i._Z13float_to_uintfffi  total_stack.o
    0x08009ae4   0x08009ae4   0x00000028   Code   RO         8023    i._Z13uint_to_floatiffi  total_stack.o
    0x08009b0c   0x08009b0c   0x00000068   Code   RO         8028    i._Z17xvEstimateKF_InitP4kf_t  total_stack.o
    0x08009b74   0x08009b74   0x0000003c   Code   RO         8030    i._Z19xvEstimateKF_UpdateP4kf_tff  total_stack.o
    0x08009bb0   0x08009bb0   0x00000050   Code   RO         8031    i._Z20RM_FDCAN_Filter_Initv  total_stack.o
    0x08009c00   0x08009c00   0x00000140   Code   RO         8038    i._Z21chassisL_control_loopv  total_stack.o
    0x08009d40   0x08009d40   0x00000144   Code   RO         8039    i._Z21chassisR_control_loopv  total_stack.o
    0x08009e84   0x08009e84   0x00000070   Code   RO         8040    i._Z24ChassisL_feedback_updatev  total_stack.o
    0x08009ef4   0x08009ef4   0x00000060   Code   RO         8041    i._Z24ChassisR_feedback_updatev  total_stack.o
    0x08009f54   0x08009f54   0x00000024   Code   RO         8044    i._Z5LimitPfff      total_stack.o
    0x08009f78   0x08009f78   0x00000014   Code   RO         8563    i._ZN10RM_Clicker4InitEv  total_stack.o
    0x08009f8c   0x08009f8c   0x000000c0   Code   RO         8551    i._ZN10RM_Clicker5ISDirEv  total_stack.o
    0x0800a04c   0x0800a04c   0x0000009c   Code   RO         8569    i._ZN10RM_Clicker9ParseDataEv  total_stack.o
    0x0800a0e8   0x0800a0e8   0x00000144   Code   RO         8539    i._ZN12TD_quadratic12td_quadraticEfb  total_stack.o
    0x0800a22c   0x0800a22c   0x00000010   Code   RO         8587    i._ZN12TD_quadraticC1Efffh  total_stack.o
    0x0800a23c   0x0800a23c   0x00000030   Code   RO         8049    i._ZN13NonLinear_Fun7Fsg_FunEff  total_stack.o
    0x0800a26c   0x0800a26c   0x0000012c   Code   RO         8050    i._ZN13NonLinear_Fun8Fhan_FunEffff  total_stack.o
    0x0800a398   0x0800a398   0x00000022   Code   RO         8051    i._ZN13NonLinear_Fun8Fign_FunEf  total_stack.o
    0x0800a3ba   0x0800a3ba   0x00000002   PAD
    0x0800a3bc   0x0800a3bc   0x00000034   Code   RO         7420    i._ZN16RM_RefereeSystem21RM_RefereeSystemParseEP20__UART_HandleTypeDef  rm_refereesystem.o
    0x0800a3f0   0x0800a3f0   0x00000040   Code   RO         7425    i._ZN16RM_RefereeSystem23RM_RefereeSystemGetDataEh  rm_refereesystem.o
    0x0800a430   0x0800a430   0x000000a8   Code   RO         7431    i._ZN16RM_RefereeSystem25RM_RefereeSystemParseDataEPhi  rm_refereesystem.o
    0x0800a4d8   0x0800a4d8   0x0000001c   Code   RO         7741    i._ZN19RM_RefereeSystemCRC18Get_CRC8_Check_SumEPhjh  rm_refereesystemcrc.o
    0x0800a4f4   0x0800a4f4   0x0000002c   Code   RO         7742    i._ZN19RM_RefereeSystemCRC19Get_CRC16_Check_SumEPhjt  rm_refereesystemcrc.o
    0x0800a520   0x0800a520   0x00000026   Code   RO         7744    i._ZN19RM_RefereeSystemCRC21Verify_CRC8_Check_SumEPhj  rm_refereesystemcrc.o
    0x0800a546   0x0800a546   0x00000002   PAD
    0x0800a548   0x0800a548   0x0000003c   Code   RO         7746    i._ZN19RM_RefereeSystemCRC22Verify_CRC16_Check_SumEPhj  rm_refereesystemcrc.o
    0x0800a584   0x0800a584   0x000000cc   Code   RO         8054    i._ZN2DM10ctrl_motorEP19FDCAN_HandleTypeDeffffff  total_stack.o
    0x0800a650   0x0800a650   0x0000001a   Code   RO         8575    i._ZN2DM2onEP19FDCAN_HandleTypeDef  total_stack.o
    0x0800a66a   0x0800a66a   0x00000002   PAD
    0x0800a66c   0x0800a66c   0x00000124   Code   RO         8058    i._ZN2DM5parseE21FDCAN_RxHeaderTypeDefPKh  total_stack.o
    0x0800a790   0x0800a790   0x00000124   Code   RO         8545    i._ZN6RM_PID9GetPidPosE6Kpid_tddd  total_stack.o
    0x0800a8b4   0x0800a8b4   0x00000030   Code   RO         8593    i._ZN6RM_PIDC1Ev    total_stack.o
    0x0800a8e4   0x0800a8e4   0x00000020   Code   RO         8599    i._ZN7Motor_tC1Ev   total_stack.o
    0x0800a904   0x0800a904   0x0000006a   Code   RO         8069    i._ZN8RM_MotorC1EshP7Motor_tPh  total_stack.o
    0x0800a96e   0x0800a96e   0x00000002   PAD
    0x0800a970   0x0800a970   0x0000028c   Code   RO         8072    i._ZN9VMC_leg_t7Up_LeftEfff  total_stack.o
    0x0800abfc   0x0800abfc   0x00000156   Code   RO         8073    i._ZN9VMC_leg_t8JacobianEv  total_stack.o
    0x0800ad52   0x0800ad52   0x00000002   PAD
    0x0800ad54   0x0800ad54   0x00000284   Code   RO         8074    i._ZN9VMC_leg_t8Up_RightEfff  total_stack.o
    0x0800afd8   0x0800afd8   0x0000000c   Code   RO         8602    i._ZN9VMC_leg_tC1Efffff  total_stack.o
    0x0800afe4   0x0800afe4   0x00000004   Code   RO         8581    i._ZSt4sqrtf        total_stack.o
    0x0800afe8   0x0800afe8   0x00000026   Code   RO        13145    i.__ARM_fpclassifyf  m_wv.l(fpclassifyf.o)
    0x0800b00e   0x0800b00e   0x00000022   Code   RO          871    i.__NVIC_SetPriority  stm32h7xx_hal_cortex.o
    0x0800b030   0x0800b030   0x00000024   Code   RO        12873    i.__aeabi_vec_ctor_nocookie_nodtor  cpprt_w.l(aeabi_vec_ctor_nocookie_nodtor.o)
    0x0800b054   0x0800b054   0x00000138   Code   RO        12892    i.__hardfp_asinf    m_wv.l(asinf.o)
    0x0800b18c   0x0800b18c   0x000002b4   Code   RO        12904    i.__hardfp_atan2f   m_wv.l(atan2f.o)
    0x0800b440   0x0800b440   0x00000066   Code   RO        12996    i.__hardfp_sqrt     m_wv.l(sqrt.o)
    0x0800b4a6   0x0800b4a6   0x0000003a   Code   RO        13008    i.__hardfp_sqrtf    m_wv.l(sqrtf.o)
    0x0800b4e0   0x0800b4e0   0x00000006   Code   RO        13148    i.__mathlib_flt_infnan  m_wv.l(funder.o)
    0x0800b4e6   0x0800b4e6   0x00000006   Code   RO        13149    i.__mathlib_flt_infnan2  m_wv.l(funder.o)
    0x0800b4ec   0x0800b4ec   0x00000010   Code   RO        13150    i.__mathlib_flt_invalid  m_wv.l(funder.o)
    0x0800b4fc   0x0800b4fc   0x00000010   Code   RO        13153    i.__mathlib_flt_underflow  m_wv.l(funder.o)
    0x0800b50c   0x0800b50c   0x000002a0   Code   RO         8075    i.__sti___15_Total_stack_cpp_4d7487e9  total_stack.o
    0x0800b7ac   0x0800b7ac   0x00000084   Code   RO        10101    i.arm_cos_f32       fastmathfunctions.o
    0x0800b830   0x0800b830   0x0000002a   Code   RO        11129    i.arm_mat_add_f32   matrixfunctions.o
    0x0800b85a   0x0800b85a   0x00000008   Code   RO        11135    i.arm_mat_init_f32  matrixfunctions.o
    0x0800b862   0x0800b862   0x00000002   PAD
    0x0800b864   0x0800b864   0x00000200   Code   RO        11138    i.arm_mat_inverse_f32  matrixfunctions.o
    0x0800ba64   0x0800ba64   0x00000074   Code   RO        11140    i.arm_mat_mult_f32  matrixfunctions.o
    0x0800bad8   0x0800bad8   0x0000002a   Code   RO        11148    i.arm_mat_sub_f32   matrixfunctions.o
    0x0800bb02   0x0800bb02   0x00000002   PAD
    0x0800bb04   0x0800bb04   0x00000034   Code   RO        11151    i.arm_mat_trans_f32  matrixfunctions.o
    0x0800bb38   0x0800bb38   0x00000080   Code   RO        10104    i.arm_sin_f32       fastmathfunctions.o
    0x0800bbb8   0x0800bbb8   0x00000128   Code   RO         7809    i.bmi088_accel_init  bmi088driver.o
    0x0800bce0   0x0800bce0   0x000000fc   Code   RO         7810    i.bmi088_gyro_init  bmi088driver.o
    0x0800bddc   0x0800bddc   0x00000006   Code   RO         7811    i.fabsf             bmi088driver.o
    0x0800bde2   0x0800bde2   0x00000002   PAD
    0x0800bde4   0x0800bde4   0x00000030   Code   RO         7103    i.mahony_init       mahony_filter.o
    0x0800be14   0x0800be14   0x00000008   Code   RO         7104    i.mahony_input      mahony_filter.o
    0x0800be1c   0x0800be1c   0x00000036   Code   RO         7105    i.mahony_output     mahony_filter.o
    0x0800be52   0x0800be52   0x0000019a   Code   RO         7106    i.mahony_update     mahony_filter.o
    0x0800bfec   0x0800bfec   0x00000090   Code   RO           17    i.main              main.o
    0x0800c07c   0x0800c07c   0x0000000e   Code   RO         6588    i.makeFreeRtosPriority  cmsis_os.o
    0x0800c08a   0x0800c08a   0x0000000e   Code   RO         6590    i.osDelay           cmsis_os.o
    0x0800c098   0x0800c098   0x0000000a   Code   RO         6593    i.osKernelStart     cmsis_os.o
    0x0800c0a2   0x0800c0a2   0x00000054   Code   RO         6627    i.osThreadCreate    cmsis_os.o
    0x0800c0f6   0x0800c0f6   0x00000002   PAD
    0x0800c0f8   0x0800c0f8   0x00000070   Code   RO         6270    i.prvAddCurrentTaskToDelayedList  tasks.o
    0x0800c168   0x0800c168   0x000000d0   Code   RO         6271    i.prvAddNewTaskToReadyList  tasks.o
    0x0800c238   0x0800c238   0x00000034   Code   RO         6272    i.prvDeleteTCB      tasks.o
    0x0800c26c   0x0800c26c   0x00000050   Code   RO         6955    i.prvHeapInit       heap_4.o
    0x0800c2bc   0x0800c2bc   0x00000060   Code   RO         6273    i.prvIdleTask       tasks.o
    0x0800c31c   0x0800c31c   0x0000009a   Code   RO         6274    i.prvInitialiseNewTask  tasks.o
    0x0800c3b6   0x0800c3b6   0x00000002   PAD
    0x0800c3b8   0x0800c3b8   0x0000004c   Code   RO         6956    i.prvInsertBlockIntoFreeList  heap_4.o
    0x0800c404   0x0800c404   0x00000020   Code   RO         6275    i.prvResetNextTaskUnblockTime  tasks.o
    0x0800c424   0x0800c424   0x00000028   Code   RO         7024    i.prvTaskExitError  port.o
    0x0800c44c   0x0800c44c   0x000000dc   Code   RO         6957    i.pvPortMalloc      heap_4.o
    0x0800c528   0x0800c528   0x00000030   Code   RO         7025    i.pxPortInitialiseStack  port.o
    0x0800c558   0x0800c558   0x0000003e   Code   RO        13010    i.sqrtf             m_wv.l(sqrtf.o)
    0x0800c596   0x0800c596   0x00000026   Code   RO         5906    i.uxListRemove      list.o
    0x0800c5bc   0x0800c5bc   0x00000018   Code   RO          317    i.vApplicationGetIdleTaskMemory  freertos.o
    0x0800c5d4   0x0800c5d4   0x00000016   Code   RO         5907    i.vListInitialise   list.o
    0x0800c5ea   0x0800c5ea   0x00000006   Code   RO         5908    i.vListInitialiseItem  list.o
    0x0800c5f0   0x0800c5f0   0x00000030   Code   RO         5909    i.vListInsert       list.o
    0x0800c620   0x0800c620   0x00000018   Code   RO         5910    i.vListInsertEnd    list.o
    0x0800c638   0x0800c638   0x00000040   Code   RO         7027    i.vPortEnterCritical  port.o
    0x0800c678   0x0800c678   0x00000028   Code   RO         7028    i.vPortExitCritical  port.o
    0x0800c6a0   0x0800c6a0   0x00000064   Code   RO         6958    i.vPortFree         heap_4.o
    0x0800c704   0x0800c704   0x00000024   Code   RO         7029    i.vPortSetupTimerInterrupt  port.o
    0x0800c728   0x0800c728   0x0000004c   Code   RO         6284    i.vTaskDelay        tasks.o
    0x0800c774   0x0800c774   0x0000006c   Code   RO         6297    i.vTaskStartScheduler  tasks.o
    0x0800c7e0   0x0800c7e0   0x00000010   Code   RO         6299    i.vTaskSuspendAll   tasks.o
    0x0800c7f0   0x0800c7f0   0x0000005c   Code   RO         6300    i.vTaskSwitchContext  tasks.o
    0x0800c84c   0x0800c84c   0x000000f4   Code   RO         7031    i.xPortStartScheduler  port.o
    0x0800c940   0x0800c940   0x0000005a   Code   RO         6303    i.xTaskCreate       tasks.o
    0x0800c99a   0x0800c99a   0x00000056   Code   RO         6304    i.xTaskCreateStatic  tasks.o
    0x0800c9f0   0x0800c9f0   0x000000cc   Code   RO         6311    i.xTaskIncrementTick  tasks.o
    0x0800cabc   0x0800cabc   0x000000c4   Code   RO         6317    i.xTaskResumeAll    tasks.o
    0x0800cb80   0x0800cb80   0x0000000a   Code   RO        13213    x$fpl$fpinit        fz_wv.l(fpinit.o)
    0x0800cb8a   0x0800cb8a   0x00000000   Code   RO        13130    x$fpl$usenofp       fz_wv.l(usenofp.o)
    0x0800cb8a   0x0800cb8a   0x00000002   PAD
    0x0800cb8c   0x0800cb8c   0x000000a8   Data   RO          319    .constdata          freertos.o
    0x0800cc34   0x0800cc34   0x00000008   Data   RO         1640    .constdata          stm32h7xx_hal_dma.o
    0x0800cc3c   0x0800cc3c   0x0000005c   Data   RO         3364    .constdata          stm32h7xx_hal_fdcan.o
    0x0800cc98   0x0800cc98   0x00000018   Data   RO         5299    .constdata          stm32h7xx_hal_uart.o
    0x0800ccb0   0x0800ccb0   0x00000010   Data   RO         5665    .constdata          stm32h7xx_hal_uart_ex.o
    0x0800ccc0   0x0800ccc0   0x00000010   Data   RO         5770    .constdata          system_stm32h7xx.o
    0x0800ccd0   0x0800ccd0   0x00000300   Data   RO         7753    .constdata          rm_refereesystemcrc.o
    0x0800cfd0   0x0800cfd0   0x00000868   Data   RO         8155    .constdata          total_stack.o
    0x0800d838   0x0800d838   0x00000804   Data   RO         9493    .constdata          commontables.o
    0x0800e03c   0x0800e03c   0x00000054   Data   RO          320    .conststring        freertos.o
    0x0800e090   0x0800e090   0x00000020   Data   RO        13319    Region$$Table       anon$$obj.o
    0x0800e0b0   0x0800e0b0   0x00000004   Data   RO         8189    .init_array         total_stack.o
    0x0800e0b4   0x0800e0b0   0x00000000   Data   RO        12868    .init_array         c_w.l(init_aeabi.o)


    Execution Region RW_IRAM1 (Exec base: 0x20000000, Load base: 0x0800e0b4, Size: 0x00000000, Max: 0x00020000, ABSOLUTE)

    **** No section assigned to this execution region ****


    Execution Region RW_IRAM2 (Exec base: 0x24000000, Load base: 0x0800e0b4, Size: 0x0000af70, Max: 0x00050000, ABSOLUTE, COMPRESSED[0x00000198])

    Exec Addr    Load Addr    Size         Type   Attr      Idx    E Section Name        Object

    0x24000000   COMPRESSED   0x00000018   Data   RW          321    .data               freertos.o
    0x24000018   COMPRESSED   0x00000004   Data   RW          428    .data               fdcan.o
    0x2400001c   COMPRESSED   0x0000000c   Data   RW         2372    .data               stm32h7xx_hal.o
    0x24000028   COMPRESSED   0x00000008   Data   RW         5771    .data               system_stm32h7xx.o
    0x24000030   COMPRESSED   0x0000003c   Data   RW         6320    .data               tasks.o
    0x2400006c   COMPRESSED   0x00000020   Data   RW         6964    .data               heap_4.o
    0x2400008c   COMPRESSED   0x0000000c   Data   RW         7032    .data               port.o
    0x24000098   COMPRESSED   0x00000004   Data   RW         7243    .data               kalman_filter.o
    0x2400009c   COMPRESSED   0x00000004   PAD
    0x240000a0   COMPRESSED   0x00000040   Data   RW         7321    .data               bsp_dwt.o
    0x240000e0   COMPRESSED   0x00000038   Data   RW         7469    .data               rm_refereesystem.o
    0x24000118   COMPRESSED   0x00000002   Data   RW         7754    .data               rm_refereesystemcrc.o
    0x2400011a   COMPRESSED   0x00000002   PAD
    0x2400011c   COMPRESSED   0x00000048   Data   RW         7813    .data               bmi088driver.o
    0x24000164   COMPRESSED   0x00000004   Data   RW         7894    .data               bmi088middleware.o
    0x24000168   COMPRESSED   0x00000018   Data   RW         7948    .data               ins_task.o
    0x24000180   COMPRESSED   0x000001dc   Data   RW         8156    .data               total_stack.o
    0x2400035c        -       0x00000254   Zero   RW          318    .bss                freertos.o
    0x240005b0        -       0x000001e0   Zero   RW          427    .bss                fdcan.o
    0x24000790        -       0x00000178   Zero   RW          480    .bss                spi.o
    0x24000908        -       0x000000e4   Zero   RW          527    .bss                tim.o
    0x240009ec        -       0x000002ac   Zero   RW          596    .bss                usart.o
    0x24000c98        -       0x0000004c   Zero   RW          814    .bss                stm32h7xx_hal_timebase_tim.o
    0x24000ce4        -       0x000000f0   Zero   RW         6319    .bss                tasks.o
    0x24000dd4        -       0x00007800   Zero   RW         6963    .bss                heap_4.o
    0x240085d4        -       0x000001ce   Zero   RW         7466    .bss                rm_refereesystem.o
    0x240087a2   COMPRESSED   0x00000002   PAD
    0x240087a4        -       0x0000004c   Zero   RW         7812    .bss                bmi088driver.o
    0x240087f0        -       0x00000130   Zero   RW         7947    .bss                ins_task.o
    0x24008920        -       0x00001ff0   Zero   RW         8153    .bss                total_stack.o
    0x2400a910        -       0x00000060   Zero   RW        13167    .bss                c_w.l(libspace.o)
    0x2400a970        -       0x00000200   Zero   RW            2    HEAP                startup_stm32h723xx.o
    0x2400ab70        -       0x00000400   Zero   RW            1    STACK               startup_stm32h723xx.o


==============================================================================

Image component sizes


      Code (inc. data)   RO Data    RW Data    ZI Data      Debug   Object Name

      2564        132          0         72         76      11561   bmi088driver.o
       100         30          0          4          0       3212   bmi088middleware.o
       452         68          0         64          0       4526   bsp_dwt.o
       122          0          0          0          0      23265   cmsis_os.o
         0          0       2052          0          0      13779   commontables.o
        92          4          0          0          0        894   dma.o
         0          0          0          0          0      16780   event_groups.o
       260         28          0          0          0       1844   fastmathfunctions.o
       648         58          0          4        480       3409   fdcan.o
       212         14        252         24        596       5378   freertos.o
       300         18          0          0          0       1167   gpio.o
       476         24          0         32      30720       7435   heap_4.o
      1004         62          0         24        304       4846   ins_task.o
      2236         20          0          4          0       9439   kalman_filter.o
       138          0          0          0          0       3590   list.o
       694         16          0          0          0       4657   mahony_filter.o
       408         30          0          0          0    1286879   main.o
       772          8          0          0          0      27512   matrixfunctions.o
       706         74          0         12          0      10964   port.o
         0          0          0          0          0       4475   quaternionekf.o
       284         26          0         56        462     943002   rm_refereesystem.o
       170         16        768          2          0       4821   rm_refereesystemcrc.o
       392         36          0          0        376       2099   spi.o
        64         26        716          0       1536        828   startup_stm32h723xx.o
       156         32          0         12          0      22886   stm32h7xx_hal.o
       160         12          0          0          0      38750   stm32h7xx_hal_cortex.o
      5980        242          8          0          0      11890   stm32h7xx_hal_dma.o
      2800         50         92          0          0      20657   stm32h7xx_hal_fdcan.o
       550         44          0          0          0       2268   stm32h7xx_hal_gpio.o
        36          4          0          0          0        922   stm32h7xx_hal_msp.o
        84          6          0          0          0        777   stm32h7xx_hal_pwr_ex.o
      2466        110          0          0          0       7733   stm32h7xx_hal_rcc.o
      3622        112          0          0          0       7713   stm32h7xx_hal_rcc_ex.o
      2062         30          0          0          0      10513   stm32h7xx_hal_spi.o
      2392        250          0          0          0      16556   stm32h7xx_hal_tim.o
       190         38          0          0          0       3208   stm32h7xx_hal_tim_ex.o
       132         22          0          0         76       1539   stm32h7xx_hal_timebase_tim.o
      4544        214         24          0          0      39467   stm32h7xx_hal_uart.o
       368          6         16          0          0       6320   stm32h7xx_hal_uart_ex.o
       180         84          0          0          0       9141   stm32h7xx_it.o
         0          0          0          0          0        384   stream_buffer.o
       192         34         16          8          0       1450   system_stm32h7xx.o
      1522        110          0         60        240      19410   tasks.o
       512         62          0          0        228       4258   tim.o
      7434        526       2156        476       8176    1088066   total_stack.o
       884         70          0          0        684       3730   usart.o

    ----------------------------------------------------------------------
     48432       2748       6132        860      43956    3714000   Object Totals
         0          0         32          0          0          0   (incl. Generated)
        72          0          0          6          2          0   (incl. Padding)

    ----------------------------------------------------------------------

      Code (inc. data)   RO Data    RW Data    ZI Data      Debug   Library Member Name

        90          0          0          0          0          0   __dczerorl2.o
         8          0          0          0          0         68   __main.o
         0          0          0          0          0          0   __rtentry.o
        12          0          0          0          0          0   __rtentry2.o
         6          0          0          0          0          0   __rtentry4.o
        52          8          0          0          0          0   __scatter.o
        28          0          0          0          0          0   __scatter_zi.o
        22          0          0          0          0        100   _rserrno.o
        10          0          0          0          0         68   defsig_exit.o
        50          0          0          0          0         88   defsig_general.o
        80         58          0          0          0         76   defsig_rtmem_inner.o
        14          0          0          0          0         80   defsig_rtmem_outer.o
        18          0          0          0          0         80   exit.o
        94          0          0          0          0         80   h1_alloc.o
        52          0          0          0          0         68   h1_extend.o
        78          0          0          0          0         80   h1_free.o
        14          0          0          0          0         84   h1_init.o
         6          0          0          0          0        152   heapauxi.o
         4          0          0          0          0        136   hguard.o
         0          0          0          0          0          0   indicate_semi.o
        36         10          0          0          0         80   init_aeabi.o
       138          0          0          0          0        168   init_alloc.o
         2          0          0          0          0          0   libinit.o
        18          0          0          0          0          0   libinit2.o
         2          0          0          0          0          0   libshutdown.o
         2          0          0          0          0          0   libshutdown2.o
         8          4          0          0         96         68   libspace.o
       238          0          0          0          0        100   lludivv7m.o
         0          0          0          0          0          0   maybetermalloc1.o
         8          4          0          0          0         68   rt_errno_addr_intlibspace.o
         8          4          0          0          0         68   rt_heap_descriptor_intlibspace.o
        68          0          0          0          0         68   rt_memclr.o
        78          0          0          0          0         80   rt_memclr_w.o
       138          0          0          0          0         68   rt_memcpy_v6.o
       100          0          0          0          0         80   rt_memcpy_w.o
         2          0          0          0          0          0   rtexit.o
        10          0          0          0          0          0   rtexit2.o
        12          4          0          0          0         68   sys_exit.o
        74          0          0          0          0         80   sys_stackheap_outer.o
        14          0          0          0          0         76   sys_wrch.o
         2          0          0          0          0         68   use_no_semi.o
        36          0          0          0          0         84   aeabi_vec_ctor_nocookie_nodtor.o
        10          0          0          0          0        116   fpinit.o
         0          0          0          0          0          0   usenofp.o
       312         54          0          0          0        176   asinf.o
       692         98          0          0          0        208   atan2f.o
        38          0          0          0          0        116   fpclassifyf.o
        44         12          0          0          0        464   funder.o
       102          0          0          0          0        140   sqrt.o
       120          0          0          0          0        272   sqrtf.o

    ----------------------------------------------------------------------
      2960        256          0          0         96       3876   Library Totals
        10          0          0          0          0          0   (incl. Padding)

    ----------------------------------------------------------------------

      Code (inc. data)   RO Data    RW Data    ZI Data      Debug   Library Name

      1596         92          0          0         96       2300   c_w.l
        36          0          0          0          0         84   cpprt_w.l
        10          0          0          0          0        116   fz_wv.l
      1308        164          0          0          0       1376   m_wv.l

    ----------------------------------------------------------------------
      2960        256          0          0         96       3876   Library Totals

    ----------------------------------------------------------------------

==============================================================================


      Code (inc. data)   RO Data    RW Data    ZI Data      Debug   

     51392       3004       6132        860      44052    3686176   Grand Totals
     51392       3004       6132        408      44052    3686176   ELF Image Totals (compressed)
     51392       3004       6132        408          0          0   ROM Totals

==============================================================================

    Total RO  Size (Code + RO Data)                57524 (  56.18kB)
    Total RW  Size (RW Data + ZI Data)             44912 (  43.86kB)
    Total ROM Size (Code + RO Data + RW Data)      57932 (  56.57kB)

==============================================================================

